Archive member included to satisfy reference by file (symbol)

C:/Program Files/STMicroelectronics/STM32Cube/STM32CubeIDE_1.17.0/STM32CubeIDE/plugins/com.st.stm32cube.ide.mcu.externaltools.gnu-tools-for-stm32.12.3.rel1.win32_1.1.0.202410251130/tools/bin/../lib/gcc/arm-none-eabi/12.3.1/../../../../arm-none-eabi/lib/thumb/v7e-m+dp/hard\libc_nano.a(libc_a-exit.o)
                              C:/Program Files/STMicroelectronics/STM32Cube/STM32CubeIDE_1.17.0/STM32CubeIDE/plugins/com.st.stm32cube.ide.mcu.externaltools.gnu-tools-for-stm32.12.3.rel1.win32_1.1.0.202410251130/tools/bin/../lib/gcc/arm-none-eabi/12.3.1/../../../../arm-none-eabi/lib/thumb/v7e-m+dp/hard/crt0.o (exit)
C:/Program Files/STMicroelectronics/STM32Cube/STM32CubeIDE_1.17.0/STM32CubeIDE/plugins/com.st.stm32cube.ide.mcu.externaltools.gnu-tools-for-stm32.12.3.rel1.win32_1.1.0.202410251130/tools/bin/../lib/gcc/arm-none-eabi/12.3.1/../../../../arm-none-eabi/lib/thumb/v7e-m+dp/hard\libc_nano.a(libc_a-findfp.o)
                              C:/Program Files/STMicroelectronics/STM32Cube/STM32CubeIDE_1.17.0/STM32CubeIDE/plugins/com.st.stm32cube.ide.mcu.externaltools.gnu-tools-for-stm32.12.3.rel1.win32_1.1.0.202410251130/tools/bin/../lib/gcc/arm-none-eabi/12.3.1/../../../../arm-none-eabi/lib/thumb/v7e-m+dp/hard\libc_nano.a(libc_a-exit.o) (__stdio_exit_handler)
C:/Program Files/STMicroelectronics/STM32Cube/STM32CubeIDE_1.17.0/STM32CubeIDE/plugins/com.st.stm32cube.ide.mcu.externaltools.gnu-tools-for-stm32.12.3.rel1.win32_1.1.0.202410251130/tools/bin/../lib/gcc/arm-none-eabi/12.3.1/../../../../arm-none-eabi/lib/thumb/v7e-m+dp/hard\libc_nano.a(libc_a-fwalk.o)
                              C:/Program Files/STMicroelectronics/STM32Cube/STM32CubeIDE_1.17.0/STM32CubeIDE/plugins/com.st.stm32cube.ide.mcu.externaltools.gnu-tools-for-stm32.12.3.rel1.win32_1.1.0.202410251130/tools/bin/../lib/gcc/arm-none-eabi/12.3.1/../../../../arm-none-eabi/lib/thumb/v7e-m+dp/hard\libc_nano.a(libc_a-findfp.o) (_fwalk_sglue)
C:/Program Files/STMicroelectronics/STM32Cube/STM32CubeIDE_1.17.0/STM32CubeIDE/plugins/com.st.stm32cube.ide.mcu.externaltools.gnu-tools-for-stm32.12.3.rel1.win32_1.1.0.202410251130/tools/bin/../lib/gcc/arm-none-eabi/12.3.1/../../../../arm-none-eabi/lib/thumb/v7e-m+dp/hard\libc_nano.a(libc_a-stdio.o)
                              C:/Program Files/STMicroelectronics/STM32Cube/STM32CubeIDE_1.17.0/STM32CubeIDE/plugins/com.st.stm32cube.ide.mcu.externaltools.gnu-tools-for-stm32.12.3.rel1.win32_1.1.0.202410251130/tools/bin/../lib/gcc/arm-none-eabi/12.3.1/../../../../arm-none-eabi/lib/thumb/v7e-m+dp/hard\libc_nano.a(libc_a-findfp.o) (__sread)
C:/Program Files/STMicroelectronics/STM32Cube/STM32CubeIDE_1.17.0/STM32CubeIDE/plugins/com.st.stm32cube.ide.mcu.externaltools.gnu-tools-for-stm32.12.3.rel1.win32_1.1.0.202410251130/tools/bin/../lib/gcc/arm-none-eabi/12.3.1/../../../../arm-none-eabi/lib/thumb/v7e-m+dp/hard\libc_nano.a(libc_a-memset.o)
                              C:/Program Files/STMicroelectronics/STM32Cube/STM32CubeIDE_1.17.0/STM32CubeIDE/plugins/com.st.stm32cube.ide.mcu.externaltools.gnu-tools-for-stm32.12.3.rel1.win32_1.1.0.202410251130/tools/bin/../lib/gcc/arm-none-eabi/12.3.1/../../../../arm-none-eabi/lib/thumb/v7e-m+dp/hard/crt0.o (memset)
C:/Program Files/STMicroelectronics/STM32Cube/STM32CubeIDE_1.17.0/STM32CubeIDE/plugins/com.st.stm32cube.ide.mcu.externaltools.gnu-tools-for-stm32.12.3.rel1.win32_1.1.0.202410251130/tools/bin/../lib/gcc/arm-none-eabi/12.3.1/../../../../arm-none-eabi/lib/thumb/v7e-m+dp/hard\libc_nano.a(libc_a-closer.o)
                              C:/Program Files/STMicroelectronics/STM32Cube/STM32CubeIDE_1.17.0/STM32CubeIDE/plugins/com.st.stm32cube.ide.mcu.externaltools.gnu-tools-for-stm32.12.3.rel1.win32_1.1.0.202410251130/tools/bin/../lib/gcc/arm-none-eabi/12.3.1/../../../../arm-none-eabi/lib/thumb/v7e-m+dp/hard\libc_nano.a(libc_a-stdio.o) (_close_r)
C:/Program Files/STMicroelectronics/STM32Cube/STM32CubeIDE_1.17.0/STM32CubeIDE/plugins/com.st.stm32cube.ide.mcu.externaltools.gnu-tools-for-stm32.12.3.rel1.win32_1.1.0.202410251130/tools/bin/../lib/gcc/arm-none-eabi/12.3.1/../../../../arm-none-eabi/lib/thumb/v7e-m+dp/hard\libc_nano.a(libc_a-reent.o)
                              C:/Program Files/STMicroelectronics/STM32Cube/STM32CubeIDE_1.17.0/STM32CubeIDE/plugins/com.st.stm32cube.ide.mcu.externaltools.gnu-tools-for-stm32.12.3.rel1.win32_1.1.0.202410251130/tools/bin/../lib/gcc/arm-none-eabi/12.3.1/../../../../arm-none-eabi/lib/thumb/v7e-m+dp/hard\libc_nano.a(libc_a-closer.o) (errno)
C:/Program Files/STMicroelectronics/STM32Cube/STM32CubeIDE_1.17.0/STM32CubeIDE/plugins/com.st.stm32cube.ide.mcu.externaltools.gnu-tools-for-stm32.12.3.rel1.win32_1.1.0.202410251130/tools/bin/../lib/gcc/arm-none-eabi/12.3.1/../../../../arm-none-eabi/lib/thumb/v7e-m+dp/hard\libc_nano.a(libc_a-impure.o)
[...]
Memory Configuration

Name             Origin             Length             Attributes
RAM              0x20000000         0x00080000         xrw
FLASH            0x08000000         0x00200000         xr
*default*        0x00000000         0xffffffff

Linker script and memory map

LOAD C:/Program Files/STMicroelectronics/STM32Cube/STM32CubeIDE_1.17.0/STM32CubeIDE/plugins/com.st.stm32cube.ide.mcu.externaltools.gnu-tools-for-stm32.12.3.rel1.win32_1.1.0.202410251130/tools/bin/../lib/gcc/arm-none-eabi/12.3.1/thumb/v7e-m+dp/hard/crti.o
LOAD C:/Program Files/STMicroelectronics/STM32Cube/STM32CubeIDE_1.17.0/STM32CubeIDE/plugins/com.st.stm32cube.ide.mcu.externaltools.gnu-tools-for-stm32.12.3.rel1.win32_1.1.0.202410251130/tools/bin/../lib/gcc/arm-none-eabi/12.3.1/thumb/v7e-m+dp/hard/crtbegin.o
LOAD C:/Program Files/STMicroelectronics/STM32Cube/STM32CubeIDE_1.17.0/STM32CubeIDE/plugins/com.st.stm32cube.ide.mcu.externaltools.gnu-tools-for-stm32.12.3.rel1.win32_1.1.0.202410251130/tools/bin/../lib/gcc/arm-none-eabi/12.3.1/../../../../arm-none-eabi/lib/thumb/v7e-m+dp/hard/crt0.o
LOAD ./Core/Src/cobs.o
LOAD ./Core/Src/ertc-datalogger.o
LOAD ./Core/Src/main.o
LOAD ./Core/Src/stm32f7xx_hal_msp.o
LOAD ./Core/Src/stm32f7xx_it.o
LOAD ./Core/Src/syscalls.o
LOAD ./Core/Src/sysmem.o
LOAD ./Core/Src/system_stm32f7xx.o
LOAD ./Core/Startup/startup_stm32f767zitx.o
LOAD ./Drivers/STM32F7xx_HAL_Driver/Src/stm32f7xx_hal.o
LOAD ./Drivers/STM32F7xx_HAL_Driver/Src/stm32f7xx_hal_adc.o
LOAD ./Drivers/STM32F7xx_HAL_Driver/Src/stm32f7xx_hal_adc_ex.o
LOAD ./Drivers/STM32F7xx_HAL_Driver/Src/stm32f7xx_hal_cortex.o
LOAD ./Drivers/STM32F7xx_HAL_Driver/Src/stm32f7xx_hal_dma.o
LOAD ./Drivers/STM32F7xx_HAL_Driver/Src/stm32f7xx_hal_dma_ex.o
LOAD ./Drivers/STM32F7xx_HAL_Driver/Src/stm32f7xx_hal_exti.o
LOAD ./Drivers/STM32F7xx_HAL_Driver/Src/stm32f7xx_hal_flash.o
LOAD ./Drivers/STM32F7xx_HAL_Driver/Src/stm32f7xx_hal_flash_ex.o
LOAD ./Drivers/STM32F7xx_HAL_Driver/Src/stm32f7xx_hal_gpio.o
LOAD ./Drivers/STM32F7xx_HAL_Driver/Src/stm32f7xx_hal_i2c.o
LOAD ./Drivers/STM32F7xx_HAL_Driver/Src/stm32f7xx_hal_i2c_ex.o
LOAD ./Drivers/STM32F7xx_HAL_Driver/Src/stm32f7xx_hal_pwr.o
LOAD ./Drivers/STM32F7xx_HAL_Driver/Src/stm32f7xx_hal_pwr_ex.o
LOAD ./Drivers/STM32F7xx_HAL_Driver/Src/stm32f7xx_hal_rcc.o
LOAD ./Drivers/STM32F7xx_HAL_Driver/Src/stm32f7xx_hal_rcc_ex.o
LOAD ./Drivers/STM32F7xx_HAL_Driver/Src/stm32f7xx_hal_spi.o
LOAD ./Drivers/STM32F7xx_HAL_Driver/Src/stm32f7xx_hal_spi_ex.o
LOAD ./Drivers/STM32F7xx_HAL_Driver/Src/stm32f7xx_hal_tim.o
LOAD ./Drivers/STM32F7xx_HAL_Driver/Src/stm32f7xx_hal_tim_ex.o
LOAD ./Drivers/STM32F7xx_HAL_Driver/Src/stm32f7xx_hal_uart.o
LOAD ./Drivers/STM32F7xx_HAL_Driver/Src/stm32f7xx_hal_uart_ex.o
START GROUP
LOAD C:/Program Files/STMicroelectronics/STM32Cube/STM32CubeIDE_1.17.0/STM32CubeIDE/plugins/com.st.stm32cube.ide.mcu.externaltools.gnu-tools-for-stm32.12.3.rel1.win32_1.1.0.202410251130/tools/bin/../lib/gcc/arm-none-eabi/12.3.1/../../../../arm-none-eabi/lib/thumb/v7e-m+dp/hard\libc_nano.a
LOAD C:/Program Files/STMicroelectronics/STM32Cube/STM32CubeIDE_1.17.0/STM32CubeIDE/plugins/com.st.stm32cube.ide.mcu.externaltools.gnu-tools-for-stm32.12.3.rel1.win32_1.1.0.202410251130/tools/bin/../lib/gcc/arm-none-eabi/12.3.1/../../../../arm-none-eabi/lib/thumb/v7e-m+dp/hard\libm.a
END GROUP
START GROUP
LOAD C:/Program Files/STMicroelectronics/STM32Cube/STM32CubeIDE_1.17.0/STM32CubeIDE/plugins/com.st.stm32cube.ide.mcu.externaltools.gnu-tools-for-stm32.12.3.rel1.win32_1.1.0.202410251130/tools/bin/../lib/gcc/arm-none-eabi/12.3.1/thumb/v7e-m+dp/hard\libgcc.a
LOAD C:/Program Files/STMicroelectronics/STM32Cube/STM32CubeIDE_1.17.0/STM32CubeIDE/plugins/com.st.stm32cube.ide.mcu.externaltools.gnu-tools-for-stm32.12.3.rel1.win32_1.1.0.202410251130/tools/bin/../lib/gcc/arm-none-eabi/12.3.1/../../../../arm-none-eabi/lib/thumb/v7e-m+dp/hard\libc_nano.a
END GROUP
START GROUP
LOAD C:/Program Files/STMicroelectronics/STM32Cube/STM32CubeIDE_1.17.0/STM32CubeIDE/plugins/com.st.stm32cube.ide.mcu.externaltools.gnu-tools-for-stm32.12.3.rel1.win32_1.1.0.202410251130/tools/bin/../lib/gcc/arm-none-eabi/12.3.1/thumb/v7e-m+dp/hard\libgcc.a
LOAD C:/Program Files/STMicroelectronics/STM32Cube/STM32CubeIDE_1.17.0/STM32CubeIDE/plugins/com.st.stm32cube.ide.mcu.externaltools.gnu-tools-for-stm32.12.3.rel1.win32_1.1.0.202410251130/tools/bin/../lib/gcc/arm-none-eabi/12.3.1/../../../../arm-none-eabi/lib/thumb/v7e-m+dp/hard\libc_nano.a
LOAD C:/Program Files/STMicroelectronics/STM32Cube/STM32CubeIDE_1.17.0/STM32CubeIDE/plugins/com.st.stm32cube.ide.mcu.externaltools.gnu-tools-for-stm32.12.3.rel1.win32_1.1.0.202410251130/tools/bin/../lib/gcc/arm-none-eabi/12.3.1/../../../../arm-none-eabi/lib/thumb/v7e-m+dp/hard\libnosys.a
END GROUP
START GROUP
LOAD C:/Program Files/STMicroelectronics/STM32Cube/STM32CubeIDE_1.17.0/STM32CubeIDE/plugins/com.st.stm32cube.ide.mcu.externaltools.gnu-tools-for-stm32.12.3.rel1.win32_1.1.0.202410251130/tools/bin/../lib/gcc/arm-none-eabi/12.3.1/thumb/v7e-m+dp/hard\libgcc.a
LOAD C:/Program Files/STMicroelectronics/STM32Cube/STM32CubeIDE_1.17.0/STM32CubeIDE/plugins/com.st.stm32cube.ide.mcu.externaltools.gnu-tools-for-stm32.12.3.rel1.win32_1.1.0.202410251130/tools/bin/../lib/gcc/arm-none-eabi/12.3.1/../../../../arm-none-eabi/lib/thumb/v7e-m+dp/hard\libc_nano.a
LOAD C:/Program Files/STMicroelectronics/STM32Cube/STM32CubeIDE_1.17.0/STM32CubeIDE/plugins/com.st.stm32cube.ide.mcu.externaltools.gnu-tools-for-stm32.12.3.rel1.win32_1.1.0.202410251130/tools/bin/../lib/gcc/arm-none-eabi/12.3.1/../../../../arm-none-eabi/lib/thumb/v7e-m+dp/hard\libnosys.a
END GROUP
LOAD C:/Program Files/STMicroelectronics/STM32Cube/STM32CubeIDE_1.17.0/STM32CubeIDE/plugins/com.st.stm32cube.ide.mcu.externaltools.gnu-tools-for-stm32.12.3.rel1.win32_1.1.0.202410251130/tools/bin/../lib/gcc/arm-none-eabi/12.3.1/thumb/v7e-m+dp/hard/crtend.o
LOAD C:/Program Files/STMicroelectronics/STM32Cube/STM32CubeIDE_1.17.0/STM32CubeIDE/plugins/com.st.stm32cube.ide.mcu.externaltools.gnu-tools-for-stm32.12.3.rel1.win32_1.1.0.202410251130/tools/bin/../lib/gcc/arm-none-eabi/12.3.1/thumb/v7e-m+dp/hard/crtn.o
                0x20080000                        _estack = (ORIGIN (RAM) + LENGTH (RAM))
                0x00000200                        _Min_Heap_Size = 0x200
                0x00000400                        _Min_Stack_Size = 0x400

.isr_vector     0x08000000      0x1f8
                0x08000000                        . = ALIGN (0x4)
 *(.isr_vector)
 .isr_vector    0x08000000      0x1f8 ./Core/Startup/startup_stm32f767zitx.o
                0x08000000                g_pfnVectors
                0x080001f8                        . = ALIGN (0x4)

.text           0x080001f8     0x6ecc
                0x080001f8                        . = ALIGN (0x4)
 *(.text)
 .text          0x080001f8       0x40 C:/Program Files/STMicroelectronics/STM32Cube/STM32CubeIDE_1.17.0/STM32CubeIDE/plugins/com.st.stm32cube.ide.mcu.externaltools.gnu-tools-for-stm32.12.3.rel1.win32_1.1.0.202410251130/tools/bin/../lib/gcc/arm-none-eabi/12.3.1/thumb/v7e-m+dp/hard/crtbegin.o
 .text          0x08000238       0x30 C:/Program Files/STMicroelectronics/STM32Cube/STM32CubeIDE_1.17.0/STM32CubeIDE/plugins/com.st.stm32cube.ide.mcu.externaltools.gnu-tools-for-stm32.12.3.rel1.win32_1.1.0.202410251130/tools/bin/../lib/gcc/arm-none-eabi/12.3.1/thumb/v7e-m+dp/hard\libgcc.a(_aeabi_uldivmod.o)
                0x08000238                __aeabi_uldivmod
 .text          0x08000268      0x2bc C:/Program Files/STMicroelectronics/STM32Cube/STM32CubeIDE_1.17.0/STM32CubeIDE/plugins/com.st.stm32cube.ide.mcu.externaltools.gnu-tools-for-stm32.12.3.rel1.win32_1.1.0.202410251130/tools/bin/../lib/gcc/arm-none-eabi/12.3.1/thumb/v7e-m+dp/hard\libgcc.a(_udivmoddi4.o)
                0x08000268                __udivmoddi4
 .text          0x08000524        0x4 C:/Program Files/STMicroelectronics/STM32Cube/STM32CubeIDE_1.17.0/STM32CubeIDE/plugins/com.st.stm32cube.ide.mcu.externaltools.gnu-tools-for-stm32.12.3.rel1.win32_1.1.0.202410251130/tools/bin/../lib/gcc/arm-none-eabi/12.3.1/thumb/v7e-m+dp/hard\libgcc.a(_dvmd_tls.o)
                0x08000524                __aeabi_idiv0
                0x08000524                __aeabi_ldiv0
 *(.text*)
 .text.cobsEncode
                0x08000528       0x94 ./Core/Src/cobs.o
                0x08000528                cobsEncode
 .text.ertc_dlog_send
                0x080005bc       0x58 ./Core/Src/ertc-datalogger.o
                0x080005bc                ertc_dlog_send
 .text.ertc_dlog_update
                0x08000614       0x4e ./Core/Src/ertc-datalogger.o
                0x08000614                ertc_dlog_update
 *fill*         0x08000662        0x6 
 .text.HAL_TIM_PeriodElapsedCallback
                0x08000668      0x25c ./Core/Src/main.o
                0x08000668                HAL_TIM_PeriodElapsedCallback
 .text.main     0x080008c4      0x114 ./Core/Src/main.o
                0x080008c4                main
 .text.SystemClock_Config
                0x080009d8       0xe4 ./Core/Src/main.o
                0x080009d8                SystemClock_Config
 .text.MX_ADC1_Init
                0x08000abc       0xa4 ./Core/Src/main.o
 .text.MX_I2C1_Init
                0x08000b60       0x80 ./Core/Src/main.o
 .text.MX_I2C2_Init
                0x08000be0       0x80 ./Core/Src/main.o
 .text.MX_SPI1_Init
                0x08000c60       0x7c ./Core/Src/main.o
 .text.MX_TIM1_Init
                0x08000cdc      0x1a0 ./Core/Src/main.o
 .text.MX_TIM2_Init
                0x08000e7c      0x134 ./Core/Src/main.o
 .text.MX_TIM3_Init
                0x08000fb0       0xac ./Core/Src/main.o
 .text.MX_TIM4_Init
                0x0800105c       0xac ./Core/Src/main.o
 .text.MX_TIM5_Init
                0x08001108       0xf0 ./Core/Src/main.o
 .text.MX_TIM6_Init
                0x080011f8       0x70 ./Core/Src/main.o
 .text.MX_TIM8_Init
                0x08001268      0x1a4 ./Core/Src/main.o
 .text.MX_TIM9_Init
                0x0800140c       0xa0 ./Core/Src/main.o
 .text.MX_UART4_Init
                0x080014ac       0x60 ./Core/Src/main.o
 .text.MX_UART5_Init
                0x0800150c       0x60 ./Core/Src/main.o
 .text.MX_USART1_UART_Init
                0x0800156c       0x60 ./Core/Src/main.o
 .text.MX_USART2_UART_Init
                0x080015cc       0x60 ./Core/Src/main.o
 .text.MX_USART3_UART_Init
                0x0800162c       0x60 ./Core/Src/main.o
 .text.MX_GPIO_Init
                0x0800168c      0x264 ./Core/Src/main.o
 .text.Error_Handler
                0x080018f0       0x38 ./Core/Src/main.o
                0x080018f0                Error_Handler
 .text.HAL_MspInit
                0x08001928       0x48 ./Core/Src/stm32f7xx_hal_msp.o
                0x08001928                HAL_MspInit
 .text.HAL_ADC_MspInit
                0x08001970       0x80 ./Core/Src/stm32f7xx_hal_msp.o
                0x08001970                HAL_ADC_MspInit
 .text.HAL_I2C_MspInit
                0x080019f0      0x150 ./Core/Src/stm32f7xx_hal_msp.o
                0x080019f0                HAL_I2C_MspInit
 .text.HAL_SPI_MspInit
                0x08001b40      0x100 ./Core/Src/stm32f7xx_hal_msp.o
                0x08001b40                HAL_SPI_MspInit
 .text.HAL_TIM_Base_MspInit
                0x08001c40      0x134 ./Core/Src/stm32f7xx_hal_msp.o
                0x08001c40                HAL_TIM_Base_MspInit
 .text.HAL_TIM_Encoder_MspInit
                0x08001d74       0xec ./Core/Src/stm32f7xx_hal_msp.o
                0x08001d74                HAL_TIM_Encoder_MspInit
 .text.HAL_TIM_PWM_MspInit
                0x08001e60       0x40 ./Core/Src/stm32f7xx_hal_msp.o
                0x08001e60                HAL_TIM_PWM_MspInit
 .text.HAL_TIM_MspPostInit
                0x08001ea0      0x198 ./Core/Src/stm32f7xx_hal_msp.o
                0x08001ea0                HAL_TIM_MspPostInit
 .text.HAL_UART_MspInit
                0x08002038      0x368 ./Core/Src/stm32f7xx_hal_msp.o
                0x08002038                HAL_UART_MspInit
 .text.NMI_Handler
                0x080023a0        0x8 ./Core/Src/stm32f7xx_it.o
                0x080023a0                NMI_Handler
 .text.HardFault_Handler
                0x080023a8       0x38 ./Core/Src/stm32f7xx_it.o
                0x080023a8                HardFault_Handler
 .text.MemManage_Handler
                0x080023e0        0x8 ./Core/Src/stm32f7xx_it.o
                0x080023e0                MemManage_Handler
 .text.BusFault_Handler
                0x080023e8        0x8 ./Core/Src/stm32f7xx_it.o
                0x080023e8                BusFault_Handler
 .text.UsageFault_Handler
                0x080023f0        0x8 ./Core/Src/stm32f7xx_it.o
                0x080023f0                UsageFault_Handler
 .text.SVC_Handler
                0x080023f8        0xe ./Core/Src/stm32f7xx_it.o
                0x080023f8                SVC_Handler
 .text.DebugMon_Handler
                0x08002406        0xe ./Core/Src/stm32f7xx_it.o
                0x08002406                DebugMon_Handler
 .text.PendSV_Handler
                0x08002414        0xe ./Core/Src/stm32f7xx_it.o
                0x08002414                PendSV_Handler
 .text.SysTick_Handler
                0x08002422        0xc ./Core/Src/stm32f7xx_it.o
                0x08002422                SysTick_Handler
 *fill*         0x0800242e        0x2 
 .text.TIM6_DAC_IRQHandler
                0x08002430       0x14 ./Core/Src/stm32f7xx_it.o
                0x08002430                TIM6_DAC_IRQHandler
 .text.SystemInit
                0x08002444       0x2c ./Core/Src/system_stm32f7xx.o
                0x08002444                SystemInit
 .text.Reset_Handler
                0x08002470       0x50 ./Core/Startup/startup_stm32f767zitx.o
                0x08002470                Reset_Handler
 .text.Default_Handler
                0x080024c0        0x2 ./Core/Startup/startup_stm32f767zitx.o
                0x080024c0                RTC_Alarm_IRQHandler
                0x080024c0                EXTI2_IRQHandler
                0x080024c0                TIM8_CC_IRQHandler
                0x080024c0                UART8_IRQHandler
                0x080024c0                SPI4_IRQHandler
                0x080024c0                TIM1_CC_IRQHandler
                0x080024c0                DMA2_Stream5_IRQHandler
                0x080024c0                JPEG_IRQHandler
                0x080024c0                DMA1_Stream5_IRQHandler
                0x080024c0                CAN3_RX1_IRQHandler
                0x080024c0                PVD_IRQHandler
                0x080024c0                TAMP_STAMP_IRQHandler
                0x080024c0                CAN2_RX1_IRQHandler
                0x080024c0                EXTI3_IRQHandler
                0x080024c0                TIM8_TRG_COM_TIM14_IRQHandler
                0x080024c0                DFSDM1_FLT1_IRQHandler
                0x080024c0                TIM1_UP_TIM10_IRQHandler
                0x080024c0                TIM8_UP_TIM13_IRQHandler
                0x080024c0                I2C3_ER_IRQHandler
                0x080024c0                DFSDM1_FLT2_IRQHandler
                0x080024c0                EXTI0_IRQHandler
                0x080024c0                I2C2_EV_IRQHandler
                0x080024c0                DMA1_Stream2_IRQHandler
                0x080024c0                CAN1_RX0_IRQHandler
                0x080024c0                FPU_IRQHandler
                0x080024c0                OTG_HS_WKUP_IRQHandler
                0x080024c0                CAN3_SCE_IRQHandler
                0x080024c0                LTDC_ER_IRQHandler
                0x080024c0                CAN2_SCE_IRQHandler
                0x080024c0                DMA2_Stream2_IRQHandler
                0x080024c0                SPI1_IRQHandler
                0x080024c0                TIM1_BRK_TIM9_IRQHandler
                0x080024c0                DCMI_IRQHandler
                0x080024c0                CAN2_RX0_IRQHandler
                0x080024c0                DMA2_Stream3_IRQHandler
                0x080024c0                SAI2_IRQHandler
                0x080024c0                DFSDM1_FLT3_IRQHandler
                0x080024c0                USART6_IRQHandler
                0x080024c0                CAN3_RX0_IRQHandler
                0x080024c0                USART3_IRQHandler
                0x080024c0                CAN1_RX1_IRQHandler
                0x080024c0                UART5_IRQHandler
                0x080024c0                DMA2_Stream0_IRQHandler
                0x080024c0                TIM4_IRQHandler
                0x080024c0                QUADSPI_IRQHandler
                0x080024c0                I2C1_EV_IRQHandler
                0x080024c0                DMA1_Stream6_IRQHandler
                0x080024c0                DMA1_Stream1_IRQHandler
                0x080024c0                UART4_IRQHandler
                0x080024c0                TIM3_IRQHandler
                0x080024c0                RCC_IRQHandler
                0x080024c0                TIM8_BRK_TIM12_IRQHandler
                0x080024c0                Default_Handler
                0x080024c0                CEC_IRQHandler
                0x080024c0                EXTI15_10_IRQHandler
                0x080024c0                ADC_IRQHandler
                0x080024c0                DMA1_Stream7_IRQHandler
                0x080024c0                SPI5_IRQHandler
                0x080024c0                TIM7_IRQHandler
                0x080024c0                SDMMC1_IRQHandler
                0x080024c0                CAN2_TX_IRQHandler
                0x080024c0                TIM5_IRQHandler
                0x080024c0                DMA2_Stream7_IRQHandler
                0x080024c0                I2C3_EV_IRQHandler
                0x080024c0                EXTI9_5_IRQHandler
                0x080024c0                RTC_WKUP_IRQHandler
                0x080024c0                LTDC_IRQHandler
                0x080024c0                ETH_WKUP_IRQHandler
                0x080024c0                SPDIF_RX_IRQHandler
                0x080024c0                SPI2_IRQHandler
                0x080024c0                OTG_HS_EP1_IN_IRQHandler
                0x080024c0                DMA1_Stream0_IRQHandler
                0x080024c0                CAN1_TX_IRQHandler
                0x080024c0                EXTI4_IRQHandler
                0x080024c0                RNG_IRQHandler
                0x080024c0                ETH_IRQHandler
                0x080024c0                OTG_HS_EP1_OUT_IRQHandler
                0x080024c0                WWDG_IRQHandler
                0x080024c0                SPI6_IRQHandler
                0x080024c0                MDIOS_IRQHandler
                0x080024c0                I2C4_EV_IRQHandler
                0x080024c0                CAN3_TX_IRQHandler
                0x080024c0                TIM2_IRQHandler
                0x080024c0                OTG_FS_WKUP_IRQHandler
                0x080024c0                TIM1_TRG_COM_TIM11_IRQHandler
                0x080024c0                OTG_HS_IRQHandler
                0x080024c0                DMA2D_IRQHandler
                0x080024c0                EXTI1_IRQHandler
                0x080024c0                SDMMC2_IRQHandler
                0x080024c0                UART7_IRQHandler
                0x080024c0                USART2_IRQHandler
                0x080024c0                DFSDM1_FLT0_IRQHandler
                0x080024c0                I2C2_ER_IRQHandler
                0x080024c0                DMA2_Stream1_IRQHandler
                0x080024c0                CAN1_SCE_IRQHandler
                0x080024c0                FLASH_IRQHandler
                0x080024c0                DMA2_Stream4_IRQHandler
                0x080024c0                USART1_IRQHandler
                0x080024c0                OTG_FS_IRQHandler
                0x080024c0                SPI3_IRQHandler
                0x080024c0                DMA1_Stream4_IRQHandler
                0x080024c0                I2C1_ER_IRQHandler
                0x080024c0                FMC_IRQHandler
                0x080024c0                LPTIM1_IRQHandler
                0x080024c0                I2C4_ER_IRQHandler
                0x080024c0                DMA2_Stream6_IRQHandler
                0x080024c0                SAI1_IRQHandler
                0x080024c0                DMA1_Stream3_IRQHandler
 .text.HAL_Init
                0x080024c2       0x1a ./Drivers/STM32F7xx_HAL_Driver/Src/stm32f7xx_hal.o
                0x080024c2                HAL_Init
 .text.HAL_InitTick
                0x080024dc       0x60 ./Drivers/STM32F7xx_HAL_Driver/Src/stm32f7xx_hal.o
                0x080024dc                HAL_InitTick
 .text.HAL_IncTick
                0x0800253c       0x28 ./Drivers/STM32F7xx_HAL_Driver/Src/stm32f7xx_hal.o
                0x0800253c                HAL_IncTick
 .text.HAL_GetTick
                0x08002564       0x18 ./Drivers/STM32F7xx_HAL_Driver/Src/stm32f7xx_hal.o
                0x08002564                HAL_GetTick
 .text.HAL_Delay
                0x0800257c       0x48 ./Drivers/STM32F7xx_HAL_Driver/Src/stm32f7xx_hal.o
                0x0800257c                HAL_Delay
 .text.HAL_ADC_Init
                0x080025c4       0x88 ./Drivers/STM32F7xx_HAL_Driver/Src/stm32f7xx_hal_adc.o
                0x080025c4                HAL_ADC_Init
 .text.HAL_ADC_ConfigChannel
                0x0800264c      0x2ac ./Drivers/STM32F7xx_HAL_Driver/Src/stm32f7xx_hal_adc.o
                0x0800264c                HAL_ADC_ConfigChannel
 .text.ADC_Init
                0x080028f8      0x1f4 ./Drivers/STM32F7xx_HAL_Driver/Src/stm32f7xx_hal_adc.o
 .text.__NVIC_SetPriorityGrouping
                0x08002aec       0x48 ./Drivers/STM32F7xx_HAL_Driver/Src/stm32f7xx_hal_cortex.o
 .text.__NVIC_GetPriorityGrouping
                0x08002b34       0x1c ./Drivers/STM32F7xx_HAL_Driver/Src/stm32f7xx_hal_cortex.o
 .text.__NVIC_EnableIRQ
                0x08002b50       0x3c ./Drivers/STM32F7xx_HAL_Driver/Src/stm32f7xx_hal_cortex.o
 .text.__NVIC_SetPriority
                0x08002b8c       0x54 ./Drivers/STM32F7xx_HAL_Driver/Src/stm32f7xx_hal_cortex.o
 .text.NVIC_EncodePriority
                0x08002be0       0x66 ./Drivers/STM32F7xx_HAL_Driver/Src/stm32f7xx_hal_cortex.o
 *fill*         0x08002c46        0x2 
 .text.SysTick_Config
                0x08002c48       0x44 ./Drivers/STM32F7xx_HAL_Driver/Src/stm32f7xx_hal_cortex.o
 .text.HAL_NVIC_SetPriorityGrouping
                0x08002c8c       0x16 ./Drivers/STM32F7xx_HAL_Driver/Src/stm32f7xx_hal_cortex.o
                0x08002c8c                HAL_NVIC_SetPriorityGrouping
 .text.HAL_NVIC_SetPriority
                0x08002ca2       0x38 ./Drivers/STM32F7xx_HAL_Driver/Src/stm32f7xx_hal_cortex.o
                0x08002ca2                HAL_NVIC_SetPriority
 .text.HAL_NVIC_EnableIRQ
                0x08002cda       0x1c ./Drivers/STM32F7xx_HAL_Driver/Src/stm32f7xx_hal_cortex.o
                0x08002cda                HAL_NVIC_EnableIRQ
 .text.HAL_SYSTICK_Config
                0x08002cf6       0x18 ./Drivers/STM32F7xx_HAL_Driver/Src/stm32f7xx_hal_cortex.o
                0x08002cf6                HAL_SYSTICK_Config
 *fill*         0x08002d0e        0x2 
 .text.HAL_GPIO_Init
                0x08002d10      0x358 ./Drivers/STM32F7xx_HAL_Driver/Src/stm32f7xx_hal_gpio.o
                0x08002d10                HAL_GPIO_Init
 .text.HAL_GPIO_WritePin
                0x08003068       0x32 ./Drivers/STM32F7xx_HAL_Driver/Src/stm32f7xx_hal_gpio.o
                0x08003068                HAL_GPIO_WritePin
 .text.HAL_GPIO_TogglePin
                0x0800309a       0x34 ./Drivers/STM32F7xx_HAL_Driver/Src/stm32f7xx_hal_gpio.o
                0x0800309a                HAL_GPIO_TogglePin
 *fill*         0x080030ce        0x2 
 .text.HAL_I2C_Init
                0x080030d0      0x138 ./Drivers/STM32F7xx_HAL_Driver/Src/stm32f7xx_hal_i2c.o
                0x080030d0                HAL_I2C_Init
 .text.HAL_I2CEx_ConfigAnalogFilter
                0x08003208       0x96 ./Drivers/STM32F7xx_HAL_Driver/Src/stm32f7xx_hal_i2c_ex.o
                0x08003208                HAL_I2CEx_ConfigAnalogFilter
 .text.HAL_I2CEx_ConfigDigitalFilter
                0x0800329e       0x98 ./Drivers/STM32F7xx_HAL_Driver/Src/stm32f7xx_hal_i2c_ex.o
                0x0800329e                HAL_I2CEx_ConfigDigitalFilter
 *fill*         0x08003336        0x2 
 .text.HAL_PWR_EnableBkUpAccess
                0x08003338       0x20 ./Drivers/STM32F7xx_HAL_Driver/Src/stm32f7xx_hal_pwr.o
                0x08003338                HAL_PWR_EnableBkUpAccess
 .text.HAL_PWREx_EnableOverDrive
                0x08003358       0xa0 ./Drivers/STM32F7xx_HAL_Driver/Src/stm32f7xx_hal_pwr_ex.o
                0x08003358                HAL_PWREx_EnableOverDrive
 .text.HAL_RCC_OscConfig
                0x080033f8      0x55c ./Drivers/STM32F7xx_HAL_Driver/Src/stm32f7xx_hal_rcc.o
                0x080033f8                HAL_RCC_OscConfig
 .text.HAL_RCC_ClockConfig
                0x08003954      0x1d8 ./Drivers/STM32F7xx_HAL_Driver/Src/stm32f7xx_hal_rcc.o
                0x08003954                HAL_RCC_ClockConfig
 .text.HAL_RCC_GetSysClockFreq
                0x08003b2c      0x20c ./Drivers/STM32F7xx_HAL_Driver/Src/stm32f7xx_hal_rcc.o
                0x08003b2c                HAL_RCC_GetSysClockFreq
 .text.HAL_RCC_GetHCLKFreq
                0x08003d38       0x18 ./Drivers/STM32F7xx_HAL_Driver/Src/stm32f7xx_hal_rcc.o
                0x08003d38                HAL_RCC_GetHCLKFreq
 .text.HAL_RCC_GetPCLK1Freq
                0x08003d50       0x28 ./Drivers/STM32F7xx_HAL_Driver/Src/stm32f7xx_hal_rcc.o
                0x08003d50                HAL_RCC_GetPCLK1Freq
 .text.HAL_RCC_GetPCLK2Freq
                0x08003d78       0x28 ./Drivers/STM32F7xx_HAL_Driver/Src/stm32f7xx_hal_rcc.o
                0x08003d78                HAL_RCC_GetPCLK2Freq
 .text.HAL_RCCEx_PeriphCLKConfig
                0x08003da0      0x850 ./Drivers/STM32F7xx_HAL_Driver/Src/stm32f7xx_hal_rcc_ex.o
                0x08003da0                HAL_RCCEx_PeriphCLKConfig
 .text.HAL_SPI_Init
                0x080045f0      0x156 ./Drivers/STM32F7xx_HAL_Driver/Src/stm32f7xx_hal_spi.o
                0x080045f0                HAL_SPI_Init
 .text.HAL_TIM_Base_Init
                0x08004746       0xae ./Drivers/STM32F7xx_HAL_Driver/Src/stm32f7xx_hal_tim.o
                0x08004746                HAL_TIM_Base_Init
 .text.HAL_TIM_Base_Start_IT
                0x080047f4       0xf0 ./Drivers/STM32F7xx_HAL_Driver/Src/stm32f7xx_hal_tim.o
                0x080047f4                HAL_TIM_Base_Start_IT
 .text.HAL_TIM_OC_Init
                0x080048e4       0xae ./Drivers/STM32F7xx_HAL_Driver/Src/stm32f7xx_hal_tim.o
                0x080048e4                HAL_TIM_OC_Init
 .text.HAL_TIM_OC_MspInit
                0x08004992       0x14 ./Drivers/STM32F7xx_HAL_Driver/Src/stm32f7xx_hal_tim.o
                0x08004992                HAL_TIM_OC_MspInit
 .text.HAL_TIM_PWM_Init
                0x080049a6       0xae ./Drivers/STM32F7xx_HAL_Driver/Src/stm32f7xx_hal_tim.o
                0x080049a6                HAL_TIM_PWM_Init
 .text.HAL_TIM_PWM_Start
                0x08004a54      0x1f4 ./Drivers/STM32F7xx_HAL_Driver/Src/stm32f7xx_hal_tim.o
                0x08004a54                HAL_TIM_PWM_Start
 .text.HAL_TIM_IC_Init
                0x08004c48       0xae ./Drivers/STM32F7xx_HAL_Driver/Src/stm32f7xx_hal_tim.o
                0x08004c48                HAL_TIM_IC_Init
 .text.HAL_TIM_IC_MspInit
                0x08004cf6       0x14 ./Drivers/STM32F7xx_HAL_Driver/Src/stm32f7xx_hal_tim.o
                0x08004cf6                HAL_TIM_IC_MspInit
 *fill*         0x08004d0a        0x2 
 .text.HAL_TIM_Encoder_Init
                0x08004d0c      0x14c ./Drivers/STM32F7xx_HAL_Driver/Src/stm32f7xx_hal_tim.o
                0x08004d0c                HAL_TIM_Encoder_Init
 .text.HAL_TIM_Encoder_Start
                0x08004e58      0x11c ./Drivers/STM32F7xx_HAL_Driver/Src/stm32f7xx_hal_tim.o
                0x08004e58                HAL_TIM_Encoder_Start
 .text.HAL_TIM_IRQHandler
                0x08004f74      0x20e ./Drivers/STM32F7xx_HAL_Driver/Src/stm32f7xx_hal_tim.o
                0x08004f74                HAL_TIM_IRQHandler
 *fill*         0x08005182        0x2 
 .text.HAL_TIM_OC_ConfigChannel
                0x08005184       0xf4 ./Drivers/STM32F7xx_HAL_Driver/Src/stm32f7xx_hal_tim.o
                0x08005184                HAL_TIM_OC_ConfigChannel
 .text.HAL_TIM_IC_ConfigChannel
                0x08005278      0x138 ./Drivers/STM32F7xx_HAL_Driver/Src/stm32f7xx_hal_tim.o
                0x08005278                HAL_TIM_IC_ConfigChannel
 .text.HAL_TIM_PWM_ConfigChannel
                0x080053b0      0x228 ./Drivers/STM32F7xx_HAL_Driver/Src/stm32f7xx_hal_tim.o
                0x080053b0                HAL_TIM_PWM_ConfigChannel
 .text.HAL_TIM_ConfigClockSource
                0x080055d8      0x194 ./Drivers/STM32F7xx_HAL_Driver/Src/stm32f7xx_hal_tim.o
                0x080055d8                HAL_TIM_ConfigClockSource
 .text.HAL_TIM_OC_DelayElapsedCallback
                0x0800576c       0x14 ./Drivers/STM32F7xx_HAL_Driver/Src/stm32f7xx_hal_tim.o
                0x0800576c                HAL_TIM_OC_DelayElapsedCallback
 .text.HAL_TIM_IC_CaptureCallback
                0x08005780       0x14 ./Drivers/STM32F7xx_HAL_Driver/Src/stm32f7xx_hal_tim.o
                0x08005780                HAL_TIM_IC_CaptureCallback
 .text.HAL_TIM_PWM_PulseFinishedCallback
                0x08005794       0x14 ./Drivers/STM32F7xx_HAL_Driver/Src/stm32f7xx_hal_tim.o
                0x08005794                HAL_TIM_PWM_PulseFinishedCallback
 .text.HAL_TIM_TriggerCallback
                0x080057a8       0x14 ./Drivers/STM32F7xx_HAL_Driver/Src/stm32f7xx_hal_tim.o
                0x080057a8                HAL_TIM_TriggerCallback
 .text.TIM_Base_SetConfig
                0x080057bc      0x158 ./Drivers/STM32F7xx_HAL_Driver/Src/stm32f7xx_hal_tim.o
                0x080057bc                TIM_Base_SetConfig
 .text.TIM_OC1_SetConfig
                0x08005914       0xe4 ./Drivers/STM32F7xx_HAL_Driver/Src/stm32f7xx_hal_tim.o
 .text.TIM_OC2_SetConfig
                0x080059f8       0xf0 ./Drivers/STM32F7xx_HAL_Driver/Src/stm32f7xx_hal_tim.o
                0x080059f8                TIM_OC2_SetConfig
 .text.TIM_OC3_SetConfig
                0x08005ae8       0xec ./Drivers/STM32F7xx_HAL_Driver/Src/stm32f7xx_hal_tim.o
 .text.TIM_OC4_SetConfig
                0x08005bd4       0xb0 ./Drivers/STM32F7xx_HAL_Driver/Src/stm32f7xx_hal_tim.o
 .text.TIM_OC5_SetConfig
                0x08005c84       0xa4 ./Drivers/STM32F7xx_HAL_Driver/Src/stm32f7xx_hal_tim.o
 .text.TIM_OC6_SetConfig
                0x08005d28       0xa8 ./Drivers/STM32F7xx_HAL_Driver/Src/stm32f7xx_hal_tim.o
 .text.TIM_TI1_SetConfig
                0x08005dd0       0xe8 ./Drivers/STM32F7xx_HAL_Driver/Src/stm32f7xx_hal_tim.o
                0x08005dd0                TIM_TI1_SetConfig
 .text.TIM_TI1_ConfigInputStage
                0x08005eb8       0x5e ./Drivers/STM32F7xx_HAL_Driver/Src/stm32f7xx_hal_tim.o
 .text.TIM_TI2_SetConfig
                0x08005f16       0x7a ./Drivers/STM32F7xx_HAL_Driver/Src/stm32f7xx_hal_tim.o
 .text.TIM_TI2_ConfigInputStage
                0x08005f90       0x60 ./Drivers/STM32F7xx_HAL_Driver/Src/stm32f7xx_hal_tim.o
 .text.TIM_TI3_SetConfig
                0x08005ff0       0x78 ./Drivers/STM32F7xx_HAL_Driver/Src/stm32f7xx_hal_tim.o
 .text.TIM_TI4_SetConfig
                0x08006068       0x7a ./Drivers/STM32F7xx_HAL_Driver/Src/stm32f7xx_hal_tim.o
 .text.TIM_ITRx_SetConfig
                0x080060e2       0x36 ./Drivers/STM32F7xx_HAL_Driver/Src/stm32f7xx_hal_tim.o
 .text.TIM_ETR_SetConfig
                0x08006118       0x40 ./Drivers/STM32F7xx_HAL_Driver/Src/stm32f7xx_hal_tim.o
                0x08006118                TIM_ETR_SetConfig
 .text.TIM_CCxChannelCmd
                0x08006158       0x4a ./Drivers/STM32F7xx_HAL_Driver/Src/stm32f7xx_hal_tim.o
                0x08006158                TIM_CCxChannelCmd
 *fill*         0x080061a2        0x2 
 .text.HAL_TIMEx_MasterConfigSynchronization
                0x080061a4      0x11c ./Drivers/STM32F7xx_HAL_Driver/Src/stm32f7xx_hal_tim_ex.o
                0x080061a4                HAL_TIMEx_MasterConfigSynchronization
 .text.HAL_TIMEx_ConfigBreakDeadTime
                0x080062c0       0xfc ./Drivers/STM32F7xx_HAL_Driver/Src/stm32f7xx_hal_tim_ex.o
                0x080062c0                HAL_TIMEx_ConfigBreakDeadTime
 .text.HAL_TIMEx_CommutCallback
                0x080063bc       0x14 ./Drivers/STM32F7xx_HAL_Driver/Src/stm32f7xx_hal_tim_ex.o
                0x080063bc                HAL_TIMEx_CommutCallback
 .text.HAL_TIMEx_BreakCallback
                0x080063d0       0x14 ./Drivers/STM32F7xx_HAL_Driver/Src/stm32f7xx_hal_tim_ex.o
                0x080063d0                HAL_TIMEx_BreakCallback
 .text.HAL_TIMEx_Break2Callback
                0x080063e4       0x14 ./Drivers/STM32F7xx_HAL_Driver/Src/stm32f7xx_hal_tim_ex.o
                0x080063e4                HAL_TIMEx_Break2Callback
 .text.HAL_UART_Init
                0x080063f8       0x9c ./Drivers/STM32F7xx_HAL_Driver/Src/stm32f7xx_hal_uart.o
                0x080063f8                HAL_UART_Init
 .text.HAL_UART_Transmit
                0x08006494      0x112 ./Drivers/STM32F7xx_HAL_Driver/Src/stm32f7xx_hal_uart.o
                0x08006494                HAL_UART_Transmit
 .text.HAL_UART_Receive
                0x080065a6      0x190 ./Drivers/STM32F7xx_HAL_Driver/Src/stm32f7xx_hal_uart.o
                0x080065a6                HAL_UART_Receive
 *fill*         0x08006736        0x2 
 .text.UART_SetConfig
                0x08006738      0x4c8 ./Drivers/STM32F7xx_HAL_Driver/Src/stm32f7xx_hal_uart.o
                0x08006738                UART_SetConfig
 .text.UART_AdvFeatureConfig
                0x08006c00      0x144 ./Drivers/STM32F7xx_HAL_Driver/Src/stm32f7xx_hal_uart.o
                0x08006c00                UART_AdvFeatureConfig
 .text.UART_CheckIdleState
                0x08006d44      0x150 ./Drivers/STM32F7xx_HAL_Driver/Src/stm32f7xx_hal_uart.o
                0x08006d44                UART_CheckIdleState
 .text.UART_WaitOnFlagUntilTimeout
                0x08006e94       0xda ./Drivers/STM32F7xx_HAL_Driver/Src/stm32f7xx_hal_uart.o
                0x08006e94                UART_WaitOnFlagUntilTimeout
 .text.UART_EndRxTransfer
                0x08006f6e       0xc8 ./Drivers/STM32F7xx_HAL_Driver/Src/stm32f7xx_hal_uart.o
 .text.memset   0x08007036       0x10 C:/Program Files/STMicroelectronics/STM32Cube/STM32CubeIDE_1.17.0/STM32CubeIDE/plugins/com.st.stm32cube.ide.mcu.externaltools.gnu-tools-for-stm32.12.3.rel1.win32_1.1.0.202410251130/tools/bin/../lib/gcc/arm-none-eabi/12.3.1/../../../../arm-none-eabi/lib/thumb/v7e-m+dp/hard\libc_nano.a(libc_a-memset.o)
                0x08007036                memset
 *fill*         0x08007046        0x2 
 .text.__libc_init_array
                0x08007048       0x48 C:/Program Files/STMicroelectronics/STM32Cube/STM32CubeIDE_1.17.0/STM32CubeIDE/plugins/com.st.stm32cube.ide.mcu.externaltools.gnu-tools-for-stm32.12.3.rel1.win32_1.1.0.202410251130/tools/bin/../lib/gcc/arm-none-eabi/12.3.1/../../../../arm-none-eabi/lib/thumb/v7e-m+dp/hard\libc_nano.a(libc_a-init.o)
                0x08007048                __libc_init_array
 .text.memcpy   0x08007090       0x1c C:/Program Files/STMicroelectronics/STM32Cube/STM32CubeIDE_1.17.0/STM32CubeIDE/plugins/com.st.stm32cube.ide.mcu.externaltools.gnu-tools-for-stm32.12.3.rel1.win32_1.1.0.202410251130/tools/bin/../lib/gcc/arm-none-eabi/12.3.1/../../../../arm-none-eabi/lib/thumb/v7e-m+dp/hard\libc_nano.a(libc_a-memcpy-stub.o)
                0x08007090                memcpy
 *(.glue_7)
 .glue_7        0x080070ac        0x0 linker stubs
 *(.glue_7t)
 .glue_7t       0x080070ac        0x0 linker stubs
 *(.eh_frame)
 .eh_frame      0x080070ac        0x0 C:/Program Files/STMicroelectronics/STM32Cube/STM32CubeIDE_1.17.0/STM32CubeIDE/plugins/com.st.stm32cube.ide.mcu.externaltools.gnu-tools-for-stm32.12.3.rel1.win32_1.1.0.202410251130/tools/bin/../lib/gcc/arm-none-eabi/12.3.1/thumb/v7e-m+dp/hard/crtbegin.o
 *(.init)
 .init          0x080070ac        0x4 C:/Program Files/STMicroelectronics/STM32Cube/STM32CubeIDE_1.17.0/STM32CubeIDE/plugins/com.st.stm32cube.ide.mcu.externaltools.gnu-tools-for-stm32.12.3.rel1.win32_1.1.0.202410251130/tools/bin/../lib/gcc/arm-none-eabi/12.3.1/thumb/v7e-m+dp/hard/crti.o
                0x080070ac                _init
 .init          0x080070b0        0x8 C:/Program Files/STMicroelectronics/STM32Cube/STM32CubeIDE_1.17.0/STM32CubeIDE/plugins/com.st.stm32cube.ide.mcu.externaltools.gnu-tools-for-stm32.12.3.rel1.win32_1.1.0.202410251130/tools/bin/../lib/gcc/arm-none-eabi/12.3.1/thumb/v7e-m+dp/hard/crtn.o
 *(.fini)
 .fini          0x080070b8        0x4 C:/Program Files/STMicroelectronics/STM32Cube/STM32CubeIDE_1.17.0/STM32CubeIDE/plugins/com.st.stm32cube.ide.mcu.externaltools.gnu-tools-for-stm32.12.3.rel1.win32_1.1.0.202410251130/tools/bin/../lib/gcc/arm-none-eabi/12.3.1/thumb/v7e-m+dp/hard/crti.o
                0x080070b8                _fini
 .fini          0x080070bc        0x8 C:/Program Files/STMicroelectronics/STM32Cube/STM32CubeIDE_1.17.0/STM32CubeIDE/plugins/com.st.stm32cube.ide.mcu.externaltools.gnu-tools-for-stm32.12.3.rel1.win32_1.1.0.202410251130/tools/bin/../lib/gcc/arm-none-eabi/12.3.1/thumb/v7e-m+dp/hard/crtn.o
                0x080070c4                        . = ALIGN (0x4)
                0x080070c4                        _etext = .

.vfp11_veneer   0x080070c4        0x0
 .vfp11_veneer  0x080070c4        0x0 linker stubs

.v4_bx          0x080070c4        0x0
 .v4_bx         0x080070c4        0x0 linker stubs

.iplt           0x080070c4        0x0
 .iplt          0x080070c4        0x0 C:/Program Files/STMicroelectronics/STM32Cube/STM32CubeIDE_1.17.0/STM32CubeIDE/plugins/com.st.stm32cube.ide.mcu.externaltools.gnu-tools-for-stm32.12.3.rel1.win32_1.1.0.202410251130/tools/bin/../lib/gcc/arm-none-eabi/12.3.1/thumb/v7e-m+dp/hard/crtbegin.o

.rodata         0x080070c4       0x18
                0x080070c4                        . = ALIGN (0x4)
 *(.rodata)
 *(.rodata*)
 .rodata.AHBPrescTable
                0x080070c4       0x10 ./Core/Src/system_stm32f7xx.o
                0x080070c4                AHBPrescTable
 .rodata.APBPrescTable
                0x080070d4        0x8 ./Core/Src/system_stm32f7xx.o
                0x080070d4                APBPrescTable
                0x080070dc                        . = ALIGN (0x4)

.ARM.extab      0x080070dc        0x0
                0x080070dc                        . = ALIGN (0x4)
 *(.ARM.extab* .gnu.linkonce.armextab.*)
                0x080070dc                        . = ALIGN (0x4)

.ARM            0x080070dc        0x8
                0x080070dc                        . = ALIGN (0x4)
                0x080070dc                        __exidx_start = .
 *(.ARM.exidx*)
 .ARM.exidx     0x080070dc        0x8 C:/Program Files/STMicroelectronics/STM32Cube/STM32CubeIDE_1.17.0/STM32CubeIDE/plugins/com.st.stm32cube.ide.mcu.externaltools.gnu-tools-for-stm32.12.3.rel1.win32_1.1.0.202410251130/tools/bin/../lib/gcc/arm-none-eabi/12.3.1/thumb/v7e-m+dp/hard\libgcc.a(_udivmoddi4.o)
                0x080070e4                        __exidx_end = .
                0x080070e4                        . = ALIGN (0x4)

.rel.dyn        0x080070e4        0x0
 .rel.iplt      0x080070e4        0x0 C:/Program Files/STMicroelectronics/STM32Cube/STM32CubeIDE_1.17.0/STM32CubeIDE/plugins/com.st.stm32cube.ide.mcu.externaltools.gnu-tools-for-stm32.12.3.rel1.win32_1.1.0.202410251130/tools/bin/../lib/gcc/arm-none-eabi/12.3.1/thumb/v7e-m+dp/hard/crtbegin.o

.preinit_array  0x080070e4        0x0
                0x080070e4                        . = ALIGN (0x4)
                0x080070e4                        PROVIDE (__preinit_array_start = .)
 *(.preinit_array*)
                0x080070e4                        PROVIDE (__preinit_array_end = .)
                0x080070e4                        . = ALIGN (0x4)

.init_array     0x080070e4        0x4
                0x080070e4                        . = ALIGN (0x4)
                0x080070e4                        PROVIDE (__init_array_start = .)
 *(SORT_BY_NAME(.init_array.*))
 *(.init_array*)
 .init_array    0x080070e4        0x4 C:/Program Files/STMicroelectronics/STM32Cube/STM32CubeIDE_1.17.0/STM32CubeIDE/plugins/com.st.stm32cube.ide.mcu.externaltools.gnu-tools-for-stm32.12.3.rel1.win32_1.1.0.202410251130/tools/bin/../lib/gcc/arm-none-eabi/12.3.1/thumb/v7e-m+dp/hard/crtbegin.o
                0x080070e8                        PROVIDE (__init_array_end = .)
                0x080070e8                        . = ALIGN (0x4)

.fini_array     0x080070e8        0x4
                0x080070e8                        . = ALIGN (0x4)
                [!provide]                        PROVIDE (__fini_array_start = .)
 *(SORT_BY_NAME(.fini_array.*))
 *(.fini_array*)
 .fini_array    0x080070e8        0x4 C:/Program Files/STMicroelectronics/STM32Cube/STM32CubeIDE_1.17.0/STM32CubeIDE/plugins/com.st.stm32cube.ide.mcu.externaltools.gnu-tools-for-stm32.12.3.rel1.win32_1.1.0.202410251130/tools/bin/../lib/gcc/arm-none-eabi/12.3.1/thumb/v7e-m+dp/hard/crtbegin.o
                [!provide]                        PROVIDE (__fini_array_end = .)
                0x080070ec                        . = ALIGN (0x4)
                0x080070ec                        _sidata = LOADADDR (.data)

.data           0x20000000        0xc load address 0x080070ec
                0x20000000                        . = ALIGN (0x4)
                0x20000000                        _sdata = .
 *(.data)
 *(.data*)
 .data.SystemCoreClock
                0x20000000        0x4 ./Core/Src/system_stm32f7xx.o
                0x20000000                SystemCoreClock
 .data.uwTickPrio
                0x20000004        0x4 ./Drivers/STM32F7xx_HAL_Driver/Src/stm32f7xx_hal.o
                0x20000004                uwTickPrio
 .data.uwTickFreq
                0x20000008        0x1 ./Drivers/STM32F7xx_HAL_Driver/Src/stm32f7xx_hal.o
                0x20000008                uwTickFreq
 *(.RamFunc)
 *(.RamFunc*)
                0x2000000c                        . = ALIGN (0x4)
 *fill*         0x20000009        0x3 
                0x2000000c                        _edata = .

.igot.plt       0x2000000c        0x0 load address 0x080070f8
 .igot.plt      0x2000000c        0x0 C:/Program Files/STMicroelectronics/STM32Cube/STM32CubeIDE_1.17.0/STM32CubeIDE/plugins/com.st.stm32cube.ide.mcu.externaltools.gnu-tools-for-stm32.12.3.rel1.win32_1.1.0.202410251130/tools/bin/../lib/gcc/arm-none-eabi/12.3.1/thumb/v7e-m+dp/hard/crtbegin.o
                0x2000000c                        . = ALIGN (0x4)

.bss            0x2000000c      0x76c load address 0x080070f8
                0x2000000c                        _sbss = .
                0x2000000c                        __bss_start__ = _sbss
 *(.bss)
 .bss           0x2000000c       0x1c C:/Program Files/STMicroelectronics/STM32Cube/STM32CubeIDE_1.17.0/STM32CubeIDE/plugins/com.st.stm32cube.ide.mcu.externaltools.gnu-tools-for-stm32.12.3.rel1.win32_1.1.0.202410251130/tools/bin/../lib/gcc/arm-none-eabi/12.3.1/thumb/v7e-m+dp/hard/crtbegin.o
 *(.bss*)
 .bss.hadc1     0x20000028       0x48 ./Core/Src/main.o
                0x20000028                hadc1
 .bss.hi2c1     0x20000070       0x54 ./Core/Src/main.o
                0x20000070                hi2c1
 .bss.hi2c2     0x200000c4       0x54 ./Core/Src/main.o
                0x200000c4                hi2c2
 .bss.hspi1     0x20000118       0x64 ./Core/Src/main.o
                0x20000118                hspi1
 .bss.htim1     0x2000017c       0x4c ./Core/Src/main.o
                0x2000017c                htim1
 .bss.htim2     0x200001c8       0x4c ./Core/Src/main.o
                0x200001c8                htim2
 .bss.htim3     0x20000214       0x4c ./Core/Src/main.o
                0x20000214                htim3
 .bss.htim4     0x20000260       0x4c ./Core/Src/main.o
                0x20000260                htim4
 .bss.htim5     0x200002ac       0x4c ./Core/Src/main.o
                0x200002ac                htim5
 .bss.htim6     0x200002f8       0x4c ./Core/Src/main.o
                0x200002f8                htim6
 .bss.htim8     0x20000344       0x4c ./Core/Src/main.o
                0x20000344                htim8
 .bss.htim9     0x20000390       0x4c ./Core/Src/main.o
                0x20000390                htim9
 .bss.huart4    0x200003dc       0x88 ./Core/Src/main.o
                0x200003dc                huart4
 .bss.huart5    0x20000464       0x88 ./Core/Src/main.o
                0x20000464                huart5
 .bss.huart1    0x200004ec       0x88 ./Core/Src/main.o
                0x200004ec                huart1
 .bss.huart2    0x20000574       0x88 ./Core/Src/main.o
                0x20000574                huart2
 .bss.huart3    0x200005fc       0x88 ./Core/Src/main.o
                0x200005fc                huart3
 .bss.logger    0x20000684       0xcc ./Core/Src/main.o
                0x20000684                logger
 .bss.data      0x20000750       0x10 ./Core/Src/main.o
                0x20000750                data
 .bss.TIM3_PreviousCount.3
                0x20000760        0x4 ./Core/Src/main.o
 .bss.I_term.2  0x20000764        0x4 ./Core/Src/main.o
 .bss.kLed.1    0x20000768        0x4 ./Core/Src/main.o
 .bss.kLed.0    0x2000076c        0x4 ./Core/Src/main.o
 .bss.kLed.0    0x20000770        0x4 ./Core/Src/stm32f7xx_it.o
 .bss.uwTick    0x20000774        0x4 ./Drivers/STM32F7xx_HAL_Driver/Src/stm32f7xx_hal.o
                0x20000774                uwTick
 *(COMMON)
                0x20000778                        . = ALIGN (0x4)
                0x20000778                        _ebss = .
                0x20000778                        __bss_end__ = _ebss

._user_heap_stack
                0x20000778      0x600 load address 0x080070f8
                0x20000778                        . = ALIGN (0x8)
                [!provide]                        PROVIDE (end = .)
                0x20000778                        PROVIDE (_end = .)
                0x20000978                        . = (. + _Min_Heap_Size)
 *fill*         0x20000778      0x200 
                0x20000d78                        . = (. + _Min_Stack_Size)
 *fill*         0x20000978      0x400 
                0x20000d78                        . = ALIGN (0x8)

/DISCARD/
 libc.a(*)
 libm.a(*)
 libgcc.a(*)

.ARM.attributes
                0x00000000       0x2e
 *(.ARM.attributes)
 .ARM.attributes
                0x00000000       0x20 C:/Program Files/STMicroelectronics/STM32Cube/STM32CubeIDE_1.17.0/STM32CubeIDE/plugins/com.st.stm32cube.ide.mcu.externaltools.gnu-tools-for-stm32.12.3.rel1.win32_1.1.0.202410251130/tools/bin/../lib/gcc/arm-none-eabi/12.3.1/thumb/v7e-m+dp/hard/crti.o
 .ARM.attributes
                0x00000020       0x32 C:/Program Files/STMicroelectronics/STM32Cube/STM32CubeIDE_1.17.0/STM32CubeIDE/plugins/com.st.stm32cube.ide.mcu.externaltools.gnu-tools-for-stm32.12.3.rel1.win32_1.1.0.202410251130/tools/bin/../lib/gcc/arm-none-eabi/12.3.1/thumb/v7e-m+dp/hard/crtbegin.o
 .ARM.attributes
                0x00000052       0x32 ./Core/Src/cobs.o
 .ARM.attributes
                0x00000084       0x32 ./Core/Src/ertc-datalogger.o
 .ARM.attributes
                0x000000b6       0x32 ./Core/Src/main.o
 .ARM.attributes
                0x000000e8       0x32 ./Core/Src/stm32f7xx_hal_msp.o
 .ARM.attributes
                0x0000011a       0x32 ./Core/Src/stm32f7xx_it.o
 .ARM.attributes
                0x0000014c       0x32 ./Core/Src/system_stm32f7xx.o
 .ARM.attributes
                0x0000017e       0x21 ./Core/Startup/startup_stm32f767zitx.o
 .ARM.attributes
                0x0000019f       0x32 ./Drivers/STM32F7xx_HAL_Driver/Src/stm32f7xx_hal.o
 .ARM.attributes
                0x000001d1       0x32 ./Drivers/STM32F7xx_HAL_Driver/Src/stm32f7xx_hal_adc.o
 .ARM.attributes
                0x00000203       0x32 ./Drivers/STM32F7xx_HAL_Driver/Src/stm32f7xx_hal_cortex.o
 .ARM.attributes
                0x00000235       0x32 ./Drivers/STM32F7xx_HAL_Driver/Src/stm32f7xx_hal_gpio.o
 .ARM.attributes
                0x00000267       0x32 ./Drivers/STM32F7xx_HAL_Driver/Src/stm32f7xx_hal_i2c.o
 .ARM.attributes
                0x00000299       0x32 ./Drivers/STM32F7xx_HAL_Driver/Src/stm32f7xx_hal_i2c_ex.o
 .ARM.attributes
                0x000002cb       0x32 ./Drivers/STM32F7xx_HAL_Driver/Src/stm32f7xx_hal_pwr.o
 .ARM.attributes
                0x000002fd       0x32 ./Drivers/STM32F7xx_HAL_Driver/Src/stm32f7xx_hal_pwr_ex.o
 .ARM.attributes
                0x0000032f       0x32 ./Drivers/STM32F7xx_HAL_Driver/Src/stm32f7xx_hal_rcc.o
 .ARM.attributes
                0x00000361       0x32 ./Drivers/STM32F7xx_HAL_Driver/Src/stm32f7xx_hal_rcc_ex.o
 .ARM.attributes
                0x00000393       0x32 ./Drivers/STM32F7xx_HAL_Driver/Src/stm32f7xx_hal_spi.o
 .ARM.attributes
                0x000003c5       0x32 ./Drivers/STM32F7xx_HAL_Driver/Src/stm32f7xx_hal_tim.o
 .ARM.attributes
                0x000003f7       0x32 ./Drivers/STM32F7xx_HAL_Driver/Src/stm32f7xx_hal_tim_ex.o
 .ARM.attributes
                0x00000429       0x32 ./Drivers/STM32F7xx_HAL_Driver/Src/stm32f7xx_hal_uart.o
 .ARM.attributes
                0x0000045b       0x32 C:/Program Files/STMicroelectronics/STM32Cube/STM32CubeIDE_1.17.0/STM32CubeIDE/plugins/com.st.stm32cube.ide.mcu.externaltools.gnu-tools-for-stm32.12.3.rel1.win32_1.1.0.202410251130/tools/bin/../lib/gcc/arm-none-eabi/12.3.1/../../../../arm-none-eabi/lib/thumb/v7e-m+dp/hard\libc_nano.a(libc_a-memset.o)
 .ARM.attributes
                0x0000048d       0x32 C:/Program Files/STMicroelectronics/STM32Cube/STM32CubeIDE_1.17.0/STM32CubeIDE/plugins/com.st.stm32cube.ide.mcu.externaltools.gnu-tools-for-stm32.12.3.rel1.win32_1.1.0.202410251130/tools/bin/../lib/gcc/arm-none-eabi/12.3.1/../../../../arm-none-eabi/lib/thumb/v7e-m+dp/hard\libc_nano.a(libc_a-init.o)
 .ARM.attributes
                0x000004bf       0x32 C:/Program Files/STMicroelectronics/STM32Cube/STM32CubeIDE_1.17.0/STM32CubeIDE/plugins/com.st.stm32cube.ide.mcu.externaltools.gnu-tools-for-stm32.12.3.rel1.win32_1.1.0.202410251130/tools/bin/../lib/gcc/arm-none-eabi/12.3.1/../../../../arm-none-eabi/lib/thumb/v7e-m+dp/hard\libc_nano.a(libc_a-memcpy-stub.o)
 .ARM.attributes
                0x000004f1       0x20 C:/Program Files/STMicroelectronics/STM32Cube/STM32CubeIDE_1.17.0/STM32CubeIDE/plugins/com.st.stm32cube.ide.mcu.externaltools.gnu-tools-for-stm32.12.3.rel1.win32_1.1.0.202410251130/tools/bin/../lib/gcc/arm-none-eabi/12.3.1/thumb/v7e-m+dp/hard\libgcc.a(_aeabi_uldivmod.o)
 .ARM.attributes
                0x00000511       0x32 C:/Program Files/STMicroelectronics/STM32Cube/STM32CubeIDE_1.17.0/STM32CubeIDE/plugins/com.st.stm32cube.ide.mcu.externaltools.gnu-tools-for-stm32.12.3.rel1.win32_1.1.0.202410251130/tools/bin/../lib/gcc/arm-none-eabi/12.3.1/thumb/v7e-m+dp/hard\libgcc.a(_udivmoddi4.o)
 .ARM.attributes
                0x00000543       0x20 C:/Program Files/STMicroelectronics/STM32Cube/STM32CubeIDE_1.17.0/STM32CubeIDE/plugins/com.st.stm32cube.ide.mcu.externaltools.gnu-tools-for-stm32.12.3.rel1.win32_1.1.0.202410251130/tools/bin/../lib/gcc/arm-none-eabi/12.3.1/thumb/v7e-m+dp/hard\libgcc.a(_dvmd_tls.o)
 .ARM.attributes
                0x00000563       0x20 C:/Program Files/STMicroelectronics/STM32Cube/STM32CubeIDE_1.17.0/STM32CubeIDE/plugins/com.st.stm32cube.ide.mcu.externaltools.gnu-tools-for-stm32.12.3.rel1.win32_1.1.0.202410251130/tools/bin/../lib/gcc/arm-none-eabi/12.3.1/thumb/v7e-m+dp/hard/crtn.o
OUTPUT(LAB3_MotorControl_Base.elf elf32-littlearm)
LOAD linker stubs
LOAD C:/Program Files/STMicroelectronics/STM32Cube/STM32CubeIDE_1.17.0/STM32CubeIDE/plugins/com.st.stm32cube.ide.mcu.externaltools.gnu-tools-for-stm32.12.3.rel1.win32_1.1.0.202410251130/tools/bin/../lib/gcc/arm-none-eabi/12.3.1/../../../../arm-none-eabi/lib/thumb/v7e-m+dp/hard\libc.a
LOAD C:/Program Files/STMicroelectronics/STM32Cube/STM32CubeIDE_1.17.0/STM32CubeIDE/plugins/com.st.stm32cube.ide.mcu.externaltools.gnu-tools-for-stm32.12.3.rel1.win32_1.1.0.202410251130/tools/bin/../lib/gcc/arm-none-eabi/12.3.1/../../../../arm-none-eabi/lib/thumb/v7e-m+dp/hard\libm.a
LOAD C:/Program Files/STMicroelectronics/STM32Cube/STM32CubeIDE_1.17.0/STM32CubeIDE/plugins/com.st.stm32cube.ide.mcu.externaltools.gnu-tools-for-stm32.12.3.rel1.win32_1.1.0.202410251130/tools/bin/../lib/gcc/arm-none-eabi/12.3.1/thumb/v7e-m+dp/hard\libgcc.a

.debug_info     0x00000000    0x16ade
 .debug_info    0x00000000      0x166 ./Core/Src/cobs.o
 .debug_info    0x00000166      0x7b5 ./Core/Src/ertc-datalogger.o
 .debug_info    0x0000091b     0x2416 ./Core/Src/main.o
 .debug_info    0x00002d31     0x2170 ./Core/Src/stm32f7xx_hal_msp.o
 .debug_info    0x00004ea1      0x83e ./Core/Src/stm32f7xx_it.o
 .debug_info    0x000056df      0x6ed ./Core/Src/system_stm32f7xx.o
 .debug_info    0x00005dcc       0x30 ./Core/Startup/startup_stm32f767zitx.o
 .debug_info    0x00005dfc      0xa4c ./Drivers/STM32F7xx_HAL_Driver/Src/stm32f7xx_hal.o
 .debug_info    0x00006848      0xc83 ./Drivers/STM32F7xx_HAL_Driver/Src/stm32f7xx_hal_adc.o
 .debug_info    0x000074cb      0xfc0 ./Drivers/STM32F7xx_HAL_Driver/Src/stm32f7xx_hal_cortex.o
 .debug_info    0x0000848b      0x6f3 ./Drivers/STM32F7xx_HAL_Driver/Src/stm32f7xx_hal_gpio.o
 .debug_info    0x00008b7e     0x2138 ./Drivers/STM32F7xx_HAL_Driver/Src/stm32f7xx_hal_i2c.o
 .debug_info    0x0000acb6      0x92e ./Drivers/STM32F7xx_HAL_Driver/Src/stm32f7xx_hal_i2c_ex.o
 .debug_info    0x0000b5e4      0x90e ./Drivers/STM32F7xx_HAL_Driver/Src/stm32f7xx_hal_pwr.o
 .debug_info    0x0000bef2      0x8cd ./Drivers/STM32F7xx_HAL_Driver/Src/stm32f7xx_hal_pwr_ex.o
 .debug_info    0x0000c7bf      0x937 ./Drivers/STM32F7xx_HAL_Driver/Src/stm32f7xx_hal_rcc.o
 .debug_info    0x0000d0f6      0x6e1 ./Drivers/STM32F7xx_HAL_Driver/Src/stm32f7xx_hal_rcc_ex.o
 .debug_info    0x0000d7d7     0x169b ./Drivers/STM32F7xx_HAL_Driver/Src/stm32f7xx_hal_spi.o
 .debug_info    0x0000ee72     0x2ad5 ./Drivers/STM32F7xx_HAL_Driver/Src/stm32f7xx_hal_tim.o
 .debug_info    0x00011947     0x16bb ./Drivers/STM32F7xx_HAL_Driver/Src/stm32f7xx_hal_tim_ex.o
 .debug_info    0x00013002     0x3adc ./Drivers/STM32F7xx_HAL_Driver/Src/stm32f7xx_hal_uart.o

.debug_abbrev   0x00000000     0x2a95
 .debug_abbrev  0x00000000       0xc9 ./Core/Src/cobs.o
 .debug_abbrev  0x000000c9      0x18c ./Core/Src/ertc-datalogger.o
 .debug_abbrev  0x00000255      0x2b6 ./Core/Src/main.o
 .debug_abbrev  0x0000050b      0x271 ./Core/Src/stm32f7xx_hal_msp.o
 .debug_abbrev  0x0000077c      0x1dc ./Core/Src/stm32f7xx_it.o
 .debug_abbrev  0x00000958      0x13b ./Core/Src/system_stm32f7xx.o
 .debug_abbrev  0x00000a93       0x24 ./Core/Startup/startup_stm32f767zitx.o
 .debug_abbrev  0x00000ab7      0x213 ./Drivers/STM32F7xx_HAL_Driver/Src/stm32f7xx_hal.o
 .debug_abbrev  0x00000cca      0x252 ./Drivers/STM32F7xx_HAL_Driver/Src/stm32f7xx_hal_adc.o
 .debug_abbrev  0x00000f1c      0x31e ./Drivers/STM32F7xx_HAL_Driver/Src/stm32f7xx_hal_cortex.o
 .debug_abbrev  0x0000123a      0x1d4 ./Drivers/STM32F7xx_HAL_Driver/Src/stm32f7xx_hal_gpio.o
 .debug_abbrev  0x0000140e      0x260 ./Drivers/STM32F7xx_HAL_Driver/Src/stm32f7xx_hal_i2c.o
 .debug_abbrev  0x0000166e      0x19c ./Drivers/STM32F7xx_HAL_Driver/Src/stm32f7xx_hal_i2c_ex.o
 .debug_abbrev  0x0000180a      0x1c5 ./Drivers/STM32F7xx_HAL_Driver/Src/stm32f7xx_hal_pwr.o
 .debug_abbrev  0x000019cf      0x1d5 ./Drivers/STM32F7xx_HAL_Driver/Src/stm32f7xx_hal_pwr_ex.o
 .debug_abbrev  0x00001ba4      0x2de ./Drivers/STM32F7xx_HAL_Driver/Src/stm32f7xx_hal_rcc.o
 .debug_abbrev  0x00001e82      0x1c9 ./Drivers/STM32F7xx_HAL_Driver/Src/stm32f7xx_hal_rcc_ex.o
 .debug_abbrev  0x0000204b      0x269 ./Drivers/STM32F7xx_HAL_Driver/Src/stm32f7xx_hal_spi.o
 .debug_abbrev  0x000022b4      0x278 ./Drivers/STM32F7xx_HAL_Driver/Src/stm32f7xx_hal_tim.o
 .debug_abbrev  0x0000252c      0x283 ./Drivers/STM32F7xx_HAL_Driver/Src/stm32f7xx_hal_tim_ex.o
 .debug_abbrev  0x000027af      0x2e6 ./Drivers/STM32F7xx_HAL_Driver/Src/stm32f7xx_hal_uart.o

.debug_aranges  0x00000000     0x1418
 .debug_aranges
                0x00000000       0x28 ./Core/Src/cobs.o
 .debug_aranges
                0x00000028       0x28 ./Core/Src/ertc-datalogger.o
 .debug_aranges
                0x00000050       0xc8 ./Core/Src/main.o
 .debug_aranges
                0x00000118       0x98 ./Core/Src/stm32f7xx_hal_msp.o
 .debug_aranges
                0x000001b0       0x68 ./Core/Src/stm32f7xx_it.o
 .debug_aranges
                0x00000218       0x28 ./Core/Src/system_stm32f7xx.o
 .debug_aranges
                0x00000240       0x28 ./Core/Startup/startup_stm32f767zitx.o
 .debug_aranges
                0x00000268      0x110 ./Drivers/STM32F7xx_HAL_Driver/Src/stm32f7xx_hal.o
 .debug_aranges
                0x00000378       0xe8 ./Drivers/STM32F7xx_HAL_Driver/Src/stm32f7xx_hal_adc.o
 .debug_aranges
                0x00000460      0x128 ./Drivers/STM32F7xx_HAL_Driver/Src/stm32f7xx_hal_cortex.o
 .debug_aranges
                0x00000588       0x58 ./Drivers/STM32F7xx_HAL_Driver/Src/stm32f7xx_hal_gpio.o
 .debug_aranges
                0x000005e0      0x2a0 ./Drivers/STM32F7xx_HAL_Driver/Src/stm32f7xx_hal_i2c.o
 .debug_aranges
                0x00000880       0x38 ./Drivers/STM32F7xx_HAL_Driver/Src/stm32f7xx_hal_i2c_ex.o
 .debug_aranges
                0x000008b8       0xa0 ./Drivers/STM32F7xx_HAL_Driver/Src/stm32f7xx_hal_pwr.o
 .debug_aranges
                0x00000958       0x80 ./Drivers/STM32F7xx_HAL_Driver/Src/stm32f7xx_hal_pwr_ex.o
 .debug_aranges
                0x000009d8       0x88 ./Drivers/STM32F7xx_HAL_Driver/Src/stm32f7xx_hal_rcc.o
 .debug_aranges
                0x00000a60       0x50 ./Drivers/STM32F7xx_HAL_Driver/Src/stm32f7xx_hal_rcc_ex.o
 .debug_aranges
                0x00000ab0      0x1d8 ./Drivers/STM32F7xx_HAL_Driver/Src/stm32f7xx_hal_spi.o
 .debug_aranges
                0x00000c88      0x3e0 ./Drivers/STM32F7xx_HAL_Driver/Src/stm32f7xx_hal_tim.o
 .debug_aranges
                0x00001068      0x180 ./Drivers/STM32F7xx_HAL_Driver/Src/stm32f7xx_hal_tim_ex.o
 .debug_aranges
                0x000011e8      0x230 ./Drivers/STM32F7xx_HAL_Driver/Src/stm32f7xx_hal_uart.o

.debug_rnglists
                0x00000000      0xfd6
 .debug_rnglists
                0x00000000       0x1a ./Core/Src/cobs.o
 .debug_rnglists
                0x0000001a       0x19 ./Core/Src/ertc-datalogger.o
 .debug_rnglists
                0x00000033       0x9f ./Core/Src/main.o
 .debug_rnglists
                0x000000d2       0x76 ./Core/Src/stm32f7xx_hal_msp.o
 .debug_rnglists
                0x00000148       0x49 ./Core/Src/stm32f7xx_it.o
 .debug_rnglists
                0x00000191       0x1a ./Core/Src/system_stm32f7xx.o
 .debug_rnglists
                0x000001ab       0x19 ./Core/Startup/startup_stm32f767zitx.o
 .debug_rnglists
                0x000001c4       0xc7 ./Drivers/STM32F7xx_HAL_Driver/Src/stm32f7xx_hal.o
 .debug_rnglists
                0x0000028b       0xb5 ./Drivers/STM32F7xx_HAL_Driver/Src/stm32f7xx_hal_adc.o
 .debug_rnglists
                0x00000340       0xda ./Drivers/STM32F7xx_HAL_Driver/Src/stm32f7xx_hal_cortex.o
 .debug_rnglists
                0x0000041a       0x3f ./Drivers/STM32F7xx_HAL_Driver/Src/stm32f7xx_hal_gpio.o
 .debug_rnglists
                0x00000459      0x228 ./Drivers/STM32F7xx_HAL_Driver/Src/stm32f7xx_hal_i2c.o
 .debug_rnglists
                0x00000681       0x27 ./Drivers/STM32F7xx_HAL_Driver/Src/stm32f7xx_hal_i2c_ex.o
 .debug_rnglists
                0x000006a8       0x74 ./Drivers/STM32F7xx_HAL_Driver/Src/stm32f7xx_hal_pwr.o
 .debug_rnglists
                0x0000071c       0x5f ./Drivers/STM32F7xx_HAL_Driver/Src/stm32f7xx_hal_pwr_ex.o
 .debug_rnglists
                0x0000077b       0x67 ./Drivers/STM32F7xx_HAL_Driver/Src/stm32f7xx_hal_rcc.o
 .debug_rnglists
                0x000007e2       0x3c ./Drivers/STM32F7xx_HAL_Driver/Src/stm32f7xx_hal_rcc_ex.o
 .debug_rnglists
                0x0000081e      0x178 ./Drivers/STM32F7xx_HAL_Driver/Src/stm32f7xx_hal_spi.o
 .debug_rnglists
                0x00000996      0x328 ./Drivers/STM32F7xx_HAL_Driver/Src/stm32f7xx_hal_tim.o
 .debug_rnglists
                0x00000cbe      0x138 ./Drivers/STM32F7xx_HAL_Driver/Src/stm32f7xx_hal_tim_ex.o
 .debug_rnglists
                0x00000df6      0x1e0 ./Drivers/STM32F7xx_HAL_Driver/Src/stm32f7xx_hal_uart.o

.debug_macro    0x00000000    0x29566
 .debug_macro   0x00000000       0x69 ./Core/Src/cobs.o
 .debug_macro   0x00000069      0xacc ./Core/Src/cobs.o
 .debug_macro   0x00000b35       0x22 ./Core/Src/cobs.o
 .debug_macro   0x00000b57       0x8e ./Core/Src/cobs.o
 .debug_macro   0x00000be5       0x51 ./Core/Src/cobs.o
 .debug_macro   0x00000c36      0x103 ./Core/Src/cobs.o
 .debug_macro   0x00000d39       0x6a ./Core/Src/cobs.o
 .debug_macro   0x00000da3      0x1df ./Core/Src/cobs.o
 .debug_macro   0x00000f82      0x242 ./Core/Src/ertc-datalogger.o
 .debug_macro   0x000011c4      0x29f ./Core/Src/ertc-datalogger.o
 .debug_macro   0x00001463       0x2e ./Core/Src/ertc-datalogger.o
 .debug_macro   0x00001491       0x3b ./Core/Src/ertc-datalogger.o
 .debug_macro   0x000014cc       0x1c ./Core/Src/ertc-datalogger.o
 .debug_macro   0x000014e8       0x22 ./Core/Src/ertc-datalogger.o
 .debug_macro   0x0000150a       0xd9 ./Core/Src/ertc-datalogger.o
 .debug_macro   0x000015e3     0x12cd ./Core/Src/ertc-datalogger.o
 .debug_macro   0x000028b0      0x11f ./Core/Src/ertc-datalogger.o
 .debug_macro   0x000029cf       0x19 ./Core/Src/ertc-datalogger.o
 .debug_macro   0x000029e8    0x1aa23 ./Core/Src/ertc-datalogger.o
 .debug_macro   0x0001d40b       0x6d ./Core/Src/ertc-datalogger.o
 .debug_macro   0x0001d478     0x3765 ./Core/Src/ertc-datalogger.o
 .debug_macro   0x00020bdd      0x189 ./Core/Src/ertc-datalogger.o
 .debug_macro   0x00020d66       0x63 ./Core/Src/ertc-datalogger.o
 .debug_macro   0x00020dc9     0x1add ./Core/Src/ertc-datalogger.o
 .debug_macro   0x000228a6      0x6c4 ./Core/Src/ertc-datalogger.o
 .debug_macro   0x00022f6a      0x18b ./Core/Src/ertc-datalogger.o
 .debug_macro   0x000230f5      0x115 ./Core/Src/ertc-datalogger.o
 .debug_macro   0x0002320a      0x26e ./Core/Src/ertc-datalogger.o
 .debug_macro   0x00023478       0xa5 ./Core/Src/ertc-datalogger.o
 .debug_macro   0x0002351d      0x24f ./Core/Src/ertc-datalogger.o
 .debug_macro   0x0002376c       0x71 ./Core/Src/ertc-datalogger.o
 .debug_macro   0x000237dd       0x58 ./Core/Src/ertc-datalogger.o
 .debug_macro   0x00023835      0x236 ./Core/Src/ertc-datalogger.o
 .debug_macro   0x00023a6b      0x416 ./Core/Src/ertc-datalogger.o
 .debug_macro   0x00023e81      0x153 ./Core/Src/ertc-datalogger.o
 .debug_macro   0x00023fd4      0x107 ./Core/Src/ertc-datalogger.o
 .debug_macro   0x000240db      0x14e ./Core/Src/ertc-datalogger.o
 .debug_macro   0x00024229      0x3db ./Core/Src/ertc-datalogger.o
 .debug_macro   0x00024604       0x12 ./Core/Src/ertc-datalogger.o
 .debug_macro   0x00024616      0x22c ./Core/Src/ertc-datalogger.o
 .debug_macro   0x00024842       0x61 ./Core/Src/ertc-datalogger.o
 .debug_macro   0x000248a3       0xa5 ./Core/Src/ertc-datalogger.o
 .debug_macro   0x00024948      0x12e ./Core/Src/ertc-datalogger.o
 .debug_macro   0x00024a76      0x108 ./Core/Src/ertc-datalogger.o
 .debug_macro   0x00024b7e       0x35 ./Core/Src/ertc-datalogger.o
 .debug_macro   0x00024bb3      0x2fe ./Core/Src/ertc-datalogger.o
 .debug_macro   0x00024eb1      0xa91 ./Core/Src/ertc-datalogger.o
 .debug_macro   0x00025942       0xa9 ./Core/Src/ertc-datalogger.o
 .debug_macro   0x000259eb      0x5ba ./Core/Src/ertc-datalogger.o
 .debug_macro   0x00025fa5       0x44 ./Core/Src/ertc-datalogger.o
 .debug_macro   0x00025fe9      0x15b ./Core/Src/ertc-datalogger.o
 .debug_macro   0x00026144      0x2fd ./Core/Src/ertc-datalogger.o
 .debug_macro   0x00026441       0x22 ./Core/Src/ertc-datalogger.o
 .debug_macro   0x00026463       0x16 ./Core/Src/ertc-datalogger.o
 .debug_macro   0x00026479      0x305 ./Core/Src/main.o
 .debug_macro   0x0002677e       0x61 ./Core/Src/main.o
 .debug_macro   0x000267df       0x29 ./Core/Src/main.o
 .debug_macro   0x00026808       0x43 ./Core/Src/main.o
 .debug_macro   0x0002684b       0x34 ./Core/Src/main.o
 .debug_macro   0x0002687f       0x16 ./Core/Src/main.o
 .debug_macro   0x00026895       0x43 ./Core/Src/main.o
 .debug_macro   0x000268d8       0x34 ./Core/Src/main.o
 .debug_macro   0x0002690c       0x10 ./Core/Src/main.o
 .debug_macro   0x0002691c       0x58 ./Core/Src/main.o
 .debug_macro   0x00026974       0x8e ./Core/Src/main.o
 .debug_macro   0x00026a02       0x1c ./Core/Src/main.o
 .debug_macro   0x00026a1e      0x177 ./Core/Src/main.o
 .debug_macro   0x00026b95      0x369 ./Core/Src/main.o
 .debug_macro   0x00026efe      0x19b ./Core/Src/main.o
 .debug_macro   0x00027099      0x220 ./Core/Src/stm32f7xx_hal_msp.o
 .debug_macro   0x000272b9      0x22a ./Core/Src/stm32f7xx_it.o
 .debug_macro   0x000274e3      0x217 ./Core/Src/system_stm32f7xx.o
 .debug_macro   0x000276fa      0x235 ./Drivers/STM32F7xx_HAL_Driver/Src/stm32f7xx_hal.o
 .debug_macro   0x0002792f      0x212 ./Drivers/STM32F7xx_HAL_Driver/Src/stm32f7xx_hal_adc.o
 .debug_macro   0x00027b41      0x211 ./Drivers/STM32F7xx_HAL_Driver/Src/stm32f7xx_hal_cortex.o
 .debug_macro   0x00027d52      0x217 ./Drivers/STM32F7xx_HAL_Driver/Src/stm32f7xx_hal_gpio.o
 .debug_macro   0x00027f69      0x2dd ./Drivers/STM32F7xx_HAL_Driver/Src/stm32f7xx_hal_i2c.o
 .debug_macro   0x00028246      0x211 ./Drivers/STM32F7xx_HAL_Driver/Src/stm32f7xx_hal_i2c_ex.o
 .debug_macro   0x00028457      0x22f ./Drivers/STM32F7xx_HAL_Driver/Src/stm32f7xx_hal_pwr.o
 .debug_macro   0x00028686      0x229 ./Drivers/STM32F7xx_HAL_Driver/Src/stm32f7xx_hal_pwr_ex.o
 .debug_macro   0x000288af      0x235 ./Drivers/STM32F7xx_HAL_Driver/Src/stm32f7xx_hal_rcc.o
 .debug_macro   0x00028ae4      0x211 ./Drivers/STM32F7xx_HAL_Driver/Src/stm32f7xx_hal_rcc_ex.o
 .debug_macro   0x00028cf5      0x220 ./Drivers/STM32F7xx_HAL_Driver/Src/stm32f7xx_hal_spi.o
 .debug_macro   0x00028f15      0x212 ./Drivers/STM32F7xx_HAL_Driver/Src/stm32f7xx_hal_tim.o
 .debug_macro   0x00029127      0x211 ./Drivers/STM32F7xx_HAL_Driver/Src/stm32f7xx_hal_tim_ex.o
 .debug_macro   0x00029338      0x22e ./Drivers/STM32F7xx_HAL_Driver/Src/stm32f7xx_hal_uart.o

.debug_line     0x00000000    0x19bae
 .debug_line    0x00000000      0x4b1 ./Core/Src/cobs.o
 .debug_line    0x000004b1      0x85f ./Core/Src/ertc-datalogger.o
 .debug_line    0x00000d10     0x11dd ./Core/Src/main.o
 .debug_line    0x00001eed      0xd06 ./Core/Src/stm32f7xx_hal_msp.o
 .debug_line    0x00002bf3      0x8ce ./Core/Src/stm32f7xx_it.o
 .debug_line    0x000034c1      0x86c ./Core/Src/system_stm32f7xx.o
 .debug_line    0x00003d2d       0x77 ./Core/Startup/startup_stm32f767zitx.o
 .debug_line    0x00003da4      0xb36 ./Drivers/STM32F7xx_HAL_Driver/Src/stm32f7xx_hal.o
 .debug_line    0x000048da     0x133e ./Drivers/STM32F7xx_HAL_Driver/Src/stm32f7xx_hal_adc.o
 .debug_line    0x00005c18      0xda8 ./Drivers/STM32F7xx_HAL_Driver/Src/stm32f7xx_hal_cortex.o
 .debug_line    0x000069c0      0xc8c ./Drivers/STM32F7xx_HAL_Driver/Src/stm32f7xx_hal_gpio.o
 .debug_line    0x0000764c     0x3b3a ./Drivers/STM32F7xx_HAL_Driver/Src/stm32f7xx_hal_i2c.o
 .debug_line    0x0000b186      0x91f ./Drivers/STM32F7xx_HAL_Driver/Src/stm32f7xx_hal_i2c_ex.o
 .debug_line    0x0000baa5      0xa0a ./Drivers/STM32F7xx_HAL_Driver/Src/stm32f7xx_hal_pwr.o
 .debug_line    0x0000c4af      0xa8a ./Drivers/STM32F7xx_HAL_Driver/Src/stm32f7xx_hal_pwr_ex.o
 .debug_line    0x0000cf39      0xf66 ./Drivers/STM32F7xx_HAL_Driver/Src/stm32f7xx_hal_rcc.o
 .debug_line    0x0000de9f      0xf3d ./Drivers/STM32F7xx_HAL_Driver/Src/stm32f7xx_hal_rcc_ex.o
 .debug_line    0x0000eddc     0x20d0 ./Drivers/STM32F7xx_HAL_Driver/Src/stm32f7xx_hal_spi.o
 .debug_line    0x00010eac     0x3dc0 ./Drivers/STM32F7xx_HAL_Driver/Src/stm32f7xx_hal_tim.o
 .debug_line    0x00014c6c     0x1ccb ./Drivers/STM32F7xx_HAL_Driver/Src/stm32f7xx_hal_tim_ex.o
 .debug_line    0x00016937     0x3277 ./Drivers/STM32F7xx_HAL_Driver/Src/stm32f7xx_hal_uart.o

.debug_str      0x00000000   0x104d41
 .debug_str     0x00000000     0x3c91 ./Core/Src/cobs.o
                               0x3dfe (size before relaxing)
 .debug_str     0x00003c91    0xf78c4 ./Core/Src/ertc-datalogger.o
                              0xfbc31 (size before relaxing)
 .debug_str     0x000fb555     0x4abd ./Core/Src/main.o
                             0x100887 (size before relaxing)
 .debug_str     0x00100012      0xa81 ./Core/Src/stm32f7xx_hal_msp.o
                              0xfd025 (size before relaxing)
 .debug_str     0x00100a93       0xf0 ./Core/Src/stm32f7xx_it.o
                              0xfbcbf (size before relaxing)
 .debug_str     0x00100b83      0x1b9 ./Core/Src/system_stm32f7xx.o
                              0xfab86 (size before relaxing)
 .debug_str     0x00100d3c       0x44 ./Core/Startup/startup_stm32f767zitx.o
                                 0xaa (size before relaxing)
 .debug_str     0x00100d80      0x43d ./Drivers/STM32F7xx_HAL_Driver/Src/stm32f7xx_hal.o
                              0xfb5b1 (size before relaxing)
 .debug_str     0x001011bd      0x2b3 ./Drivers/STM32F7xx_HAL_Driver/Src/stm32f7xx_hal_adc.o
                              0xfb06a (size before relaxing)
 .debug_str     0x00101470      0x34a ./Drivers/STM32F7xx_HAL_Driver/Src/stm32f7xx_hal_cortex.o
                              0xfb593 (size before relaxing)
 .debug_str     0x001017ba       0xf2 ./Drivers/STM32F7xx_HAL_Driver/Src/stm32f7xx_hal_gpio.o
                              0xfac2f (size before relaxing)
 .debug_str     0x001018ac      0xdfe ./Drivers/STM32F7xx_HAL_Driver/Src/stm32f7xx_hal_i2c.o
                              0xfbd84 (size before relaxing)
 .debug_str     0x001026aa       0x89 ./Drivers/STM32F7xx_HAL_Driver/Src/stm32f7xx_hal_i2c_ex.o
                              0xfb003 (size before relaxing)
 .debug_str     0x00102733      0x2ac ./Drivers/STM32F7xx_HAL_Driver/Src/stm32f7xx_hal_pwr.o
                              0xfae12 (size before relaxing)
 .debug_str     0x001029df      0x1bd ./Drivers/STM32F7xx_HAL_Driver/Src/stm32f7xx_hal_pwr_ex.o
                              0xfade0 (size before relaxing)
 .debug_str     0x00102b9c      0x255 ./Drivers/STM32F7xx_HAL_Driver/Src/stm32f7xx_hal_rcc.o
                              0xfaeec (size before relaxing)
 .debug_str     0x00102df1      0x147 ./Drivers/STM32F7xx_HAL_Driver/Src/stm32f7xx_hal_rcc_ex.o
                              0xfae4f (size before relaxing)
 .debug_str     0x00102f38      0x583 ./Drivers/STM32F7xx_HAL_Driver/Src/stm32f7xx_hal_spi.o
                              0xfb3b1 (size before relaxing)
 .debug_str     0x001034bb      0xbc9 ./Drivers/STM32F7xx_HAL_Driver/Src/stm32f7xx_hal_tim.o
                              0xfbe94 (size before relaxing)
 .debug_str     0x00104084      0x4a0 ./Drivers/STM32F7xx_HAL_Driver/Src/stm32f7xx_hal_tim_ex.o
                              0xfb79a (size before relaxing)
 .debug_str     0x00104524      0x81d ./Drivers/STM32F7xx_HAL_Driver/Src/stm32f7xx_hal_uart.o
                              0xfb83a (size before relaxing)

.comment        0x00000000       0x43
 .comment       0x00000000       0x43 ./Core/Src/cobs.o
                                 0x44 (size before relaxing)
 .comment       0x00000043       0x44 ./Core/Src/ertc-datalogger.o
 .comment       0x00000043       0x44 ./Core/Src/main.o
 .comment       0x00000043       0x44 ./Core/Src/stm32f7xx_hal_msp.o
 .comment       0x00000043       0x44 ./Core/Src/stm32f7xx_it.o
 .comment       0x00000043       0x44 ./Core/Src/system_stm32f7xx.o
 .comment       0x00000043       0x44 ./Drivers/STM32F7xx_HAL_Driver/Src/stm32f7xx_hal.o
 .comment       0x00000043       0x44 ./Drivers/STM32F7xx_HAL_Driver/Src/stm32f7xx_hal_adc.o
 .comment       0x00000043       0x44 ./Drivers/STM32F7xx_HAL_Driver/Src/stm32f7xx_hal_cortex.o
 .comment       0x00000043       0x44 ./Drivers/STM32F7xx_HAL_Driver/Src/stm32f7xx_hal_gpio.o
 .comment       0x00000043       0x44 ./Drivers/STM32F7xx_HAL_Driver/Src/stm32f7xx_hal_i2c.o
 .comment       0x00000043       0x44 ./Drivers/STM32F7xx_HAL_Driver/Src/stm32f7xx_hal_i2c_ex.o
 .comment       0x00000043       0x44 ./Drivers/STM32F7xx_HAL_Driver/Src/stm32f7xx_hal_pwr.o
 .comment       0x00000043       0x44 ./Drivers/STM32F7xx_HAL_Driver/Src/stm32f7xx_hal_pwr_ex.o
 .comment       0x00000043       0x44 ./Drivers/STM32F7xx_HAL_Driver/Src/stm32f7xx_hal_rcc.o
 .comment       0x00000043       0x44 ./Drivers/STM32F7xx_HAL_Driver/Src/stm32f7xx_hal_rcc_ex.o
 .comment       0x00000043       0x44 ./Drivers/STM32F7xx_HAL_Driver/Src/stm32f7xx_hal_spi.o
 .comment       0x00000043       0x44 ./Drivers/STM32F7xx_HAL_Driver/Src/stm32f7xx_hal_tim.o
 .comment       0x00000043       0x44 ./Drivers/STM32F7xx_HAL_Driver/Src/stm32f7xx_hal_tim_ex.o
 .comment       0x00000043       0x44 ./Drivers/STM32F7xx_HAL_Driver/Src/stm32f7xx_hal_uart.o

.debug_frame    0x00000000     0x55bc
 .debug_frame   0x00000000       0x60 ./Core/Src/cobs.o
 .debug_frame   0x00000060       0x58 ./Core/Src/ertc-datalogger.o
 .debug_frame   0x000000b8      0x2dc ./Core/Src/main.o
 .debug_frame   0x00000394      0x264 ./Core/Src/stm32f7xx_hal_msp.o
 .debug_frame   0x000005f8      0x124 ./Core/Src/stm32f7xx_it.o
 .debug_frame   0x0000071c       0x58 ./Core/Src/system_stm32f7xx.o
 .debug_frame   0x00000774      0x3f4 ./Drivers/STM32F7xx_HAL_Driver/Src/stm32f7xx_hal.o
 .debug_frame   0x00000b68      0x3fc ./Drivers/STM32F7xx_HAL_Driver/Src/stm32f7xx_hal_adc.o
 .debug_frame   0x00000f64      0x4e8 ./Drivers/STM32F7xx_HAL_Driver/Src/stm32f7xx_hal_cortex.o
 .debug_frame   0x0000144c      0x14c ./Drivers/STM32F7xx_HAL_Driver/Src/stm32f7xx_hal_gpio.o
 .debug_frame   0x00001598      0xc38 ./Drivers/STM32F7xx_HAL_Driver/Src/stm32f7xx_hal_i2c.o
 .debug_frame   0x000021d0       0xb0 ./Drivers/STM32F7xx_HAL_Driver/Src/stm32f7xx_hal_i2c_ex.o
 .debug_frame   0x00002280      0x254 ./Drivers/STM32F7xx_HAL_Driver/Src/stm32f7xx_hal_pwr.o
 .debug_frame   0x000024d4      0x1c8 ./Drivers/STM32F7xx_HAL_Driver/Src/stm32f7xx_hal_pwr_ex.o
 .debug_frame   0x0000269c      0x1f8 ./Drivers/STM32F7xx_HAL_Driver/Src/stm32f7xx_hal_rcc.o
 .debug_frame   0x00002894      0x118 ./Drivers/STM32F7xx_HAL_Driver/Src/stm32f7xx_hal_rcc_ex.o
 .debug_frame   0x000029ac      0x860 ./Drivers/STM32F7xx_HAL_Driver/Src/stm32f7xx_hal_spi.o
 .debug_frame   0x0000320c     0x121c ./Drivers/STM32F7xx_HAL_Driver/Src/stm32f7xx_hal_tim.o
 .debug_frame   0x00004428      0x6b0 ./Drivers/STM32F7xx_HAL_Driver/Src/stm32f7xx_hal_tim_ex.o
 .debug_frame   0x00004ad8      0xa10 ./Drivers/STM32F7xx_HAL_Driver/Src/stm32f7xx_hal_uart.o
 .debug_frame   0x000054e8       0x20 C:/Program Files/STMicroelectronics/STM32Cube/STM32CubeIDE_1.17.0/STM32CubeIDE/plugins/com.st.stm32cube.ide.mcu.externaltools.gnu-tools-for-stm32.12.3.rel1.win32_1.1.0.202410251130/tools/bin/../lib/gcc/arm-none-eabi/12.3.1/../../../../arm-none-eabi/lib/thumb/v7e-m+dp/hard\libc_nano.a(libc_a-memset.o)
 .debug_frame   0x00005508       0x2c C:/Program Files/STMicroelectronics/STM32Cube/STM32CubeIDE_1.17.0/STM32CubeIDE/plugins/com.st.stm32cube.ide.mcu.externaltools.gnu-tools-for-stm32.12.3.rel1.win32_1.1.0.202410251130/tools/bin/../lib/gcc/arm-none-eabi/12.3.1/../../../../arm-none-eabi/lib/thumb/v7e-m+dp/hard\libc_nano.a(libc_a-init.o)
 .debug_frame   0x00005534       0x28 C:/Program Files/STMicroelectronics/STM32Cube/STM32CubeIDE_1.17.0/STM32CubeIDE/plugins/com.st.stm32cube.ide.mcu.externaltools.gnu-tools-for-stm32.12.3.rel1.win32_1.1.0.202410251130/tools/bin/../lib/gcc/arm-none-eabi/12.3.1/../../../../arm-none-eabi/lib/thumb/v7e-m+dp/hard\libc_nano.a(libc_a-memcpy-stub.o)
 .debug_frame   0x0000555c       0x2c C:/Program Files/STMicroelectronics/STM32Cube/STM32CubeIDE_1.17.0/STM32CubeIDE/plugins/com.st.stm32cube.ide.mcu.externaltools.gnu-tools-for-stm32.12.3.rel1.win32_1.1.0.202410251130/tools/bin/../lib/gcc/arm-none-eabi/12.3.1/thumb/v7e-m+dp/hard\libgcc.a(_aeabi_uldivmod.o)
 .debug_frame   0x00005588       0x34 C:/Program Files/STMicroelectronics/STM32Cube/STM32CubeIDE_1.17.0/STM32CubeIDE/plugins/com.st.stm32cube.ide.mcu.externaltools.gnu-tools-for-stm32.12.3.rel1.win32_1.1.0.202410251130/tools/bin/../lib/gcc/arm-none-eabi/12.3.1/thumb/v7e-m+dp/hard\libgcc.a(_udivmoddi4.o)

.debug_line_str
                0x00000000       0x8e
 .debug_line_str
                0x00000000       0x8e ./Core/Startup/startup_stm32f767zitx.o
